Component: ARM Compiler 5.06 update 7 (build 960) Tool: armlink [4d3601]

==============================================================================

Section Cross References

    startup_stm32f10x_md.o(RESET) refers to startup_stm32f10x_md.o(STACK) for __initial_sp
    startup_stm32f10x_md.o(RESET) refers to startup_stm32f10x_md.o(.text) for Reset_Handler
    startup_stm32f10x_md.o(RESET) refers to stm32f10x_it.o(i.NMI_Handler) for NMI_Handler
    startup_stm32f10x_md.o(RESET) refers to stm32f10x_it.o(i.HardFault_Handler) for HardFault_Handler
    startup_stm32f10x_md.o(RESET) refers to stm32f10x_it.o(i.MemManage_Handler) for MemManage_Handler
    startup_stm32f10x_md.o(RESET) refers to stm32f10x_it.o(i.BusFault_Handler) for BusFault_Handler
    startup_stm32f10x_md.o(RESET) refers to stm32f10x_it.o(i.UsageFault_Handler) for UsageFault_Handler
    startup_stm32f10x_md.o(RESET) refers to stm32f10x_it.o(i.SVC_Handler) for SVC_Handler
    startup_stm32f10x_md.o(RESET) refers to stm32f10x_it.o(i.DebugMon_Handler) for DebugMon_Handler
    startup_stm32f10x_md.o(RESET) refers to stm32f10x_it.o(i.PendSV_Handler) for PendSV_Handler
    startup_stm32f10x_md.o(RESET) refers to stm32f10x_it.o(i.SysTick_Handler) for SysTick_Handler
    startup_stm32f10x_md.o(RESET) refers to gpio.o(i.EXTI0_IRQHandler) for EXTI0_IRQHandler
    startup_stm32f10x_md.o(RESET) refers to gpio.o(i.EXTI1_IRQHandler) for EXTI1_IRQHandler
    startup_stm32f10x_md.o(RESET) refers to gpio.o(i.EXTI2_IRQHandler) for EXTI2_IRQHandler
    startup_stm32f10x_md.o(RESET) refers to gpio.o(i.EXTI3_IRQHandler) for EXTI3_IRQHandler
    startup_stm32f10x_md.o(RESET) refers to gpio.o(i.EXTI4_IRQHandler) for EXTI4_IRQHandler
    startup_stm32f10x_md.o(RESET) refers to gpio.o(i.EXTI9_5_IRQHandler) for EXTI9_5_IRQHandler
    startup_stm32f10x_md.o(RESET) refers to uart.o(i.USART1_IRQHandler) for USART1_IRQHandler
    startup_stm32f10x_md.o(RESET) refers to uart.o(i.USART2_IRQHandler) for USART2_IRQHandler
    startup_stm32f10x_md.o(RESET) refers to uart.o(i.USART3_IRQHandler) for USART3_IRQHandler
    startup_stm32f10x_md.o(RESET) refers to gpio.o(i.EXTI15_10_IRQHandler) for EXTI15_10_IRQHandler
    startup_stm32f10x_md.o(.text) refers to system_stm32f10x.o(i.SystemInit) for SystemInit
    startup_stm32f10x_md.o(.text) refers to entry.o(.ARM.Collect$$$$00000000) for __main
    stm32f10x_adc.o(i.ADC_DeInit) refers to stm32f10x_rcc.o(i.RCC_APB2PeriphResetCmd) for RCC_APB2PeriphResetCmd
    stm32f10x_bkp.o(i.BKP_DeInit) refers to stm32f10x_rcc.o(i.RCC_BackupResetCmd) for RCC_BackupResetCmd
    stm32f10x_can.o(i.CAN_DeInit) refers to stm32f10x_rcc.o(i.RCC_APB1PeriphResetCmd) for RCC_APB1PeriphResetCmd
    stm32f10x_can.o(i.CAN_GetITStatus) refers to stm32f10x_can.o(i.CheckITStatus) for CheckITStatus
    stm32f10x_cec.o(i.CEC_DeInit) refers to stm32f10x_rcc.o(i.RCC_APB1PeriphResetCmd) for RCC_APB1PeriphResetCmd
    stm32f10x_dac.o(i.DAC_DeInit) refers to stm32f10x_rcc.o(i.RCC_APB1PeriphResetCmd) for RCC_APB1PeriphResetCmd
    stm32f10x_flash.o(i.FLASH_EnableWriteProtection) refers to stm32f10x_flash.o(i.FLASH_WaitForLastOperation) for FLASH_WaitForLastOperation
    stm32f10x_flash.o(i.FLASH_EraseAllBank1Pages) refers to stm32f10x_flash.o(i.FLASH_WaitForLastBank1Operation) for FLASH_WaitForLastBank1Operation
    stm32f10x_flash.o(i.FLASH_EraseAllPages) refers to stm32f10x_flash.o(i.FLASH_WaitForLastOperation) for FLASH_WaitForLastOperation
    stm32f10x_flash.o(i.FLASH_EraseOptionBytes) refers to stm32f10x_flash.o(i.FLASH_GetReadOutProtectionStatus) for FLASH_GetReadOutProtectionStatus
    stm32f10x_flash.o(i.FLASH_EraseOptionBytes) refers to stm32f10x_flash.o(i.FLASH_WaitForLastOperation) for FLASH_WaitForLastOperation
    stm32f10x_flash.o(i.FLASH_ErasePage) refers to stm32f10x_flash.o(i.FLASH_WaitForLastOperation) for FLASH_WaitForLastOperation
    stm32f10x_flash.o(i.FLASH_ProgramHalfWord) refers to stm32f10x_flash.o(i.FLASH_WaitForLastOperation) for FLASH_WaitForLastOperation
    stm32f10x_flash.o(i.FLASH_ProgramOptionByteData) refers to stm32f10x_flash.o(i.FLASH_WaitForLastOperation) for FLASH_WaitForLastOperation
    stm32f10x_flash.o(i.FLASH_ProgramWord) refers to stm32f10x_flash.o(i.FLASH_WaitForLastOperation) for FLASH_WaitForLastOperation
    stm32f10x_flash.o(i.FLASH_ReadOutProtection) refers to stm32f10x_flash.o(i.FLASH_WaitForLastOperation) for FLASH_WaitForLastOperation
    stm32f10x_flash.o(i.FLASH_UserOptionByteConfig) refers to stm32f10x_flash.o(i.FLASH_WaitForLastOperation) for FLASH_WaitForLastOperation
    stm32f10x_flash.o(i.FLASH_WaitForLastBank1Operation) refers to stm32f10x_flash.o(i.FLASH_GetBank1Status) for FLASH_GetBank1Status
    stm32f10x_flash.o(i.FLASH_WaitForLastOperation) refers to stm32f10x_flash.o(i.FLASH_GetBank1Status) for FLASH_GetBank1Status
    stm32f10x_gpio.o(i.GPIO_AFIODeInit) refers to stm32f10x_rcc.o(i.RCC_APB2PeriphResetCmd) for RCC_APB2PeriphResetCmd
[...]
    i.EXTI1_IRQHandler                       0x08000be8   Section        0  gpio.o(i.EXTI1_IRQHandler)
    i.EXTI2_IRQHandler                       0x08000c00   Section        0  gpio.o(i.EXTI2_IRQHandler)
    i.EXTI3_IRQHandler                       0x08000c18   Section        0  gpio.o(i.EXTI3_IRQHandler)
    i.EXTI4_IRQHandler                       0x08000c30   Section        0  gpio.o(i.EXTI4_IRQHandler)
    i.EXTI9_5_IRQHandler                     0x08000c48   Section        0  gpio.o(i.EXTI9_5_IRQHandler)
    i.EXTI_ClearITPendingBit                 0x08000c60   Section        0  stm32f10x_exti.o(i.EXTI_ClearITPendingBit)
    i.GPIO_Init                              0x08000c6c   Section        0  stm32f10x_gpio.o(i.GPIO_Init)
    i.GPIO_PinRemapConfig                    0x08000d84   Section        0  stm32f10x_gpio.o(i.GPIO_PinRemapConfig)
    i.HardFault_Handler                      0x08000e14   Section        0  stm32f10x_it.o(i.HardFault_Handler)
    i.I2C_ReadOneByte                        0x08000e18   Section        0  ioi2c.o(i.I2C_ReadOneByte)
    i.IIC_Ack                                0x08000e60   Section        0  ioi2c.o(i.IIC_Ack)
    i.IIC_Init                               0x08000eac   Section        0  ioi2c.o(i.IIC_Init)
    i.IIC_NAck                               0x08000ed8   Section        0  ioi2c.o(i.IIC_NAck)
    i.IIC_Read_Byte                          0x08000f24   Section        0  ioi2c.o(i.IIC_Read_Byte)
    i.IIC_Send_Byte                          0x08000f94   Section        0  ioi2c.o(i.IIC_Send_Byte)
    i.IIC_Start                              0x08000ff8   Section        0  ioi2c.o(i.IIC_Start)
    i.IIC_Stop                               0x08001060   Section        0  ioi2c.o(i.IIC_Stop)
    i.IIC_Wait_Ack                           0x080010a8   Section        0  ioi2c.o(i.IIC_Wait_Ack)
    i.IICreadByte                            0x08001110   Section        0  ioi2c.o(i.IICreadByte)
    i.IICwriteBit                            0x08001126   Section        0  ioi2c.o(i.IICwriteBit)
    i.IICwriteBits                           0x08001166   Section        0  ioi2c.o(i.IICwriteBits)
    i.IICwriteByte                           0x080011d0   Section        0  ioi2c.o(i.IICwriteByte)
    i.IICwriteBytes                          0x080011e4   Section        0  ioi2c.o(i.IICwriteBytes)
    i.MPU6050_initialize                     0x0800122a   Section        0  mpu6050.o(i.MPU6050_initialize)
    i.MPU6050_setClockSource                 0x08001252   Section        0  mpu6050.o(i.MPU6050_setClockSource)
    i.MPU6050_setFullScaleAccelRange         0x08001266   Section        0  mpu6050.o(i.MPU6050_setFullScaleAccelRange)
    i.MPU6050_setFullScaleGyroRange          0x0800127a   Section        0  mpu6050.o(i.MPU6050_setFullScaleGyroRange)
    i.MPU6050_setI2CBypassEnabled            0x0800128e   Section        0  mpu6050.o(i.MPU6050_setI2CBypassEnabled)
    i.MPU6050_setI2CMasterModeEnabled        0x080012a0   Section        0  mpu6050.o(i.MPU6050_setI2CMasterModeEnabled)
    i.MPU6050_setSleepEnabled                0x080012b2   Section        0  mpu6050.o(i.MPU6050_setSleepEnabled)
    i.MemManage_Handler                      0x080012c4   Section        0  stm32f10x_it.o(i.MemManage_Handler)
    i.NMI_Handler                            0x080012c8   Section        0  stm32f10x_it.o(i.NMI_Handler)
    i.NVIC_Init                              0x080012cc   Section        0  misc.o(i.NVIC_Init)
    i.NVIC_PriorityGroupConfig               0x0800133c   Section        0  misc.o(i.NVIC_PriorityGroupConfig)
    i.PendSV_Handler                         0x08001350   Section        0  stm32f10x_it.o(i.PendSV_Handler)
    i.RCC_AHBPeriphClockCmd                  0x08001354   Section        0  stm32f10x_rcc.o(i.RCC_AHBPeriphClockCmd)
    i.RCC_APB1PeriphClockCmd                 0x08001374   Section        0  stm32f10x_rcc.o(i.RCC_APB1PeriphClockCmd)
    i.RCC_APB2PeriphClockCmd                 0x08001394   Section        0  stm32f10x_rcc.o(i.RCC_APB2PeriphClockCmd)
    i.RCC_GetClocksFreq                      0x080013b4   Section        0  stm32f10x_rcc.o(i.RCC_GetClocksFreq)
    i.Read_DMP                               0x08001488   Section        0  mpu6050.o(i.Read_DMP)
    i.SVC_Handler                            0x080016e4   Section        0  stm32f10x_it.o(i.SVC_Handler)
    i.SetSysClock                            0x080016e6   Section        0  system_stm32f10x.o(i.SetSysClock)
    SetSysClock                              0x080016e7   Thumb Code     8  system_stm32f10x.o(i.SetSysClock)
    i.SetSysClockTo72                        0x080016f0   Section        0  system_stm32f10x.o(i.SetSysClockTo72)
    SetSysClockTo72                          0x080016f1   Thumb Code   214  system_stm32f10x.o(i.SetSysClockTo72)
    i.SysTick_CLKSourceConfig                0x080017d0   Section        0  misc.o(i.SysTick_CLKSourceConfig)
    i.SysTick_Handler                        0x080017f8   Section        0  stm32f10x_it.o(i.SysTick_Handler)
    i.SystemInit                             0x080017fc   Section        0  system_stm32f10x.o(i.SystemInit)
    i.TIM_ARRPreloadConfig                   0x0800185c   Section        0  stm32f10x_tim.o(i.TIM_ARRPreloadConfig)
    i.TIM_Cmd                                0x08001874   Section        0  stm32f10x_tim.o(i.TIM_Cmd)
    i.TIM_OC1Init                            0x0800188c   Section        0  stm32f10x_tim.o(i.TIM_OC1Init)
    i.TIM_OC1PreloadConfig                   0x08001924   Section        0  stm32f10x_tim.o(i.TIM_OC1PreloadConfig)
    i.TIM_OC2Init                            0x08001938   Section        0  stm32f10x_tim.o(i.TIM_OC2Init)
    i.TIM_OC2PreloadConfig                   0x080019dc   Section        0  stm32f10x_tim.o(i.TIM_OC2PreloadConfig)
    i.TIM_OC3Init                            0x080019f8   Section        0  stm32f10x_tim.o(i.TIM_OC3Init)
    i.TIM_OC3PreloadConfig                   0x08001a98   Section        0  stm32f10x_tim.o(i.TIM_OC3PreloadConfig)
    i.TIM_OC4Init                            0x08001aac   Section        0  stm32f10x_tim.o(i.TIM_OC4Init)
    i.TIM_OC4PreloadConfig                   0x08001b28   Section        0  stm32f10x_tim.o(i.TIM_OC4PreloadConfig)
    i.TIM_SetCompare1                        0x08001b42   Section        0  stm32f10x_tim.o(i.TIM_SetCompare1)
    i.TIM_SetCompare2                        0x08001b46   Section        0  stm32f10x_tim.o(i.TIM_SetCompare2)
    i.TIM_SetCompare3                        0x08001b4a   Section        0  stm32f10x_tim.o(i.TIM_SetCompare3)
    i.TIM_SetCompare4                        0x08001b4e   Section        0  stm32f10x_tim.o(i.TIM_SetCompare4)
    i.TIM_TimeBaseInit                       0x08001b54   Section        0  stm32f10x_tim.o(i.TIM_TimeBaseInit)
    i.USART1_IRQHandler                      0x08001bf8   Section        0  uart.o(i.USART1_IRQHandler)
    i.USART2_IRQHandler                      0x08001c02   Section        0  uart.o(i.USART2_IRQHandler)
    i.USART3_IRQHandler                      0x08001c0c   Section        0  uart.o(i.USART3_IRQHandler)
    i.USART_ClearITPendingBit                0x08001c16   Section        0  stm32f10x_usart.o(i.USART_ClearITPendingBit)
    i.USART_Cmd                              0x08001c34   Section        0  stm32f10x_usart.o(i.USART_Cmd)
    i.USART_DMACmd                           0x08001c4c   Section        0  stm32f10x_usart.o(i.USART_DMACmd)
    i.USART_GetFlagStatus                    0x08001c5e   Section        0  stm32f10x_usart.o(i.USART_GetFlagStatus)
    i.USART_GetITStatus                      0x08001c78   Section        0  stm32f10x_usart.o(i.USART_GetITStatus)
    i.USART_ITConfig                         0x08001ccc   Section        0  stm32f10x_usart.o(i.USART_ITConfig)
    i.USART_Init                             0x08001d18   Section        0  stm32f10x_usart.o(i.USART_Init)
    i.USART_ReceiveData                      0x08001df0   Section        0  stm32f10x_usart.o(i.USART_ReceiveData)
    i.USART_SendData                         0x08001dfa   Section        0  stm32f10x_usart.o(i.USART_SendData)
    i.USARTx_IRQHandler                      0x08001e04   Section        0  uart.o(i.USARTx_IRQHandler)
    USARTx_IRQHandler                        0x08001e05   Thumb Code   160  uart.o(i.USARTx_IRQHandler)
    i.UsageFault_Handler                     0x08001ebc   Section        0  stm32f10x_it.o(i.UsageFault_Handler)
    i.__0printf$1                            0x08001ec0   Section        0  printf1.o(i.__0printf$1)
    i.__ARM_fpclassify                       0x08001ee0   Section        0  fpclassify.o(i.__ARM_fpclassify)
    i.__kernel_poly                          0x08001f08   Section        0  poly.o(i.__kernel_poly)
    i.__mathlib_dbl_infnan                   0x08001fb2   Section        0  dunder.o(i.__mathlib_dbl_infnan)
    i.__mathlib_dbl_infnan2                  0x08001fb8   Section        0  dunder.o(i.__mathlib_dbl_infnan2)
    i.__mathlib_dbl_invalid                  0x08001fbc   Section        0  dunder.o(i.__mathlib_dbl_invalid)
    i.__mathlib_dbl_underflow                0x08001fc8   Section        0  dunder.o(i.__mathlib_dbl_underflow)
    i.__scatterload_copy                     0x08001fd8   Section       14  handlers.o(i.__scatterload_copy)
    i.__scatterload_null                     0x08001fe6   Section        2  handlers.o(i.__scatterload_null)
    i.__scatterload_zeroinit                 0x08001fe8   Section       14  handlers.o(i.__scatterload_zeroinit)
    i.__set_errno                            0x08001ff8   Section        0  errno.o(i.__set_errno)
    i._printf_core                           0x08002004   Section        0  printf1.o(i._printf_core)
    _printf_core                             0x08002005   Thumb Code   336  printf1.o(i._printf_core)
    i.accel_self_test                        0x08002158   Section        0  inv_mpu.o(i.accel_self_test)
    accel_self_test                          0x08002159   Thumb Code   164  inv_mpu.o(i.accel_self_test)
    i.asin                                   0x08002200   Section        0  asin.o(i.asin)
    i.atan                                   0x08002470   Section        0  atan.o(i.atan)
    i.atan2                                  0x08002690   Section        0  atan2.o(i.atan2)
    i.decode_gesture                         0x0800282c   Section        0  inv_mpu_dmp_motion_driver.o(i.decode_gesture)
    decode_gesture                           0x0800282d   Thumb Code    94  inv_mpu_dmp_motion_driver.o(i.decode_gesture)
    i.delay_init                             0x08002890   Section        0  delay.o(i.delay_init)
    i.delay_ms                               0x080028d4   Section        0  delay.o(i.delay_ms)
    i.delay_us                               0x08002920   Section        0  delay.o(i.delay_us)
    i.dma_Rinit                              0x0800296c   Section        0  uart.o(i.dma_Rinit)
    dma_Rinit                                0x0800296d   Thumb Code   106  uart.o(i.dma_Rinit)
    i.dma_Tinit                              0x080029e8   Section        0  uart.o(i.dma_Tinit)
    dma_Tinit                                0x080029e9   Thumb Code    90  uart.o(i.dma_Tinit)
    i.dmp_enable_6x_lp_quat                  0x08002a54   Section        0  inv_mpu_dmp_motion_driver.o(i.dmp_enable_6x_lp_quat)
    i.dmp_enable_feature                     0x08002a90   Section        0  inv_mpu_dmp_motion_driver.o(i.dmp_enable_feature)
    i.dmp_enable_gyro_cal                    0x08002cac   Section        0  inv_mpu_dmp_motion_driver.o(i.dmp_enable_gyro_cal)
    i.dmp_enable_lp_quat                     0x08002d04   Section        0  inv_mpu_dmp_motion_driver.o(i.dmp_enable_lp_quat)
    i.dmp_load_motion_driver_firmware        0x08002d40   Section        0  inv_mpu_dmp_motion_driver.o(i.dmp_load_motion_driver_firmware)
    i.dmp_read_fifo                          0x08002d58   Section        0  inv_mpu_dmp_motion_driver.o(i.dmp_read_fifo)
    i.dmp_set_accel_bias                     0x08002f24   Section        0  inv_mpu_dmp_motion_driver.o(i.dmp_set_accel_bias)
    i.dmp_set_fifo_rate                      0x08003054   Section        0  inv_mpu_dmp_motion_driver.o(i.dmp_set_fifo_rate)
    i.dmp_set_gyro_bias                      0x080030c4   Section        0  inv_mpu_dmp_motion_driver.o(i.dmp_set_gyro_bias)
    i.dmp_set_orientation                    0x080031f4   Section        0  inv_mpu_dmp_motion_driver.o(i.dmp_set_orientation)
    i.dmp_set_shake_reject_thresh            0x0800332c   Section        0  inv_mpu_dmp_motion_driver.o(i.dmp_set_shake_reject_thresh)
    i.dmp_set_shake_reject_time              0x08003364   Section        0  inv_mpu_dmp_motion_driver.o(i.dmp_set_shake_reject_time)
    i.dmp_set_shake_reject_timeout           0x0800338a   Section        0  inv_mpu_dmp_motion_driver.o(i.dmp_set_shake_reject_timeout)
    i.dmp_set_tap_axes                       0x080033b0   Section        0  inv_mpu_dmp_motion_driver.o(i.dmp_set_tap_axes)
    i.dmp_set_tap_count                      0x080033f6   Section        0  inv_mpu_dmp_motion_driver.o(i.dmp_set_tap_count)
    i.dmp_set_tap_thresh                     0x0800341c   Section        0  inv_mpu_dmp_motion_driver.o(i.dmp_set_tap_thresh)
    i.dmp_set_tap_time                       0x080035bc   Section        0  inv_mpu_dmp_motion_driver.o(i.dmp_set_tap_time)
    i.dmp_set_tap_time_multi                 0x080035e2   Section        0  inv_mpu_dmp_motion_driver.o(i.dmp_set_tap_time_multi)
    i.fputc                                  0x08003608   Section        0  uart.o(i.fputc)
    i.get_accel_prod_shift                   0x0800362c   Section        0  inv_mpu.o(i.get_accel_prod_shift)
    get_accel_prod_shift                     0x0800362d   Thumb Code   168  inv_mpu.o(i.get_accel_prod_shift)
    i.get_st_biases                          0x080036e0   Section        0  inv_mpu.o(i.get_st_biases)
    get_st_biases                            0x080036e1   Thumb Code  1128  inv_mpu.o(i.get_st_biases)
    i.gpio_init                              0x08003b4c   Section        0  uart.o(i.gpio_init)
    gpio_init                                0x08003b4d   Thumb Code    96  uart.o(i.gpio_init)
    i.gyro_self_test                         0x08003bc0   Section        0  inv_mpu.o(i.gyro_self_test)
    gyro_self_test                           0x08003bc1   Thumb Code   256  inv_mpu.o(i.gyro_self_test)
    i.i2cRead                                0x08003cd0   Section        0  ioi2c.o(i.i2cRead)
    i.i2cWrite                               0x08003d46   Section        0  ioi2c.o(i.i2cWrite)
    i.inv_orientation_matrix_to_scalar       0x08003da6   Section        0  mpu6050.o(i.inv_orientation_matrix_to_scalar)
    inv_orientation_matrix_to_scalar         0x08003da7   Thumb Code    40  mpu6050.o(i.inv_orientation_matrix_to_scalar)
    i.inv_row_2_scale                        0x08003dce   Section        0  mpu6050.o(i.inv_row_2_scale)
    inv_row_2_scale                          0x08003dcf   Thumb Code    78  mpu6050.o(i.inv_row_2_scale)
    i.main                                   0x08003e1c   Section        0  main.o(i.main)
    i.mpu__init                              0x08004068   Section        0  mpu.o(i.mpu__init)
    i.mpu_configure_fifo                     0x08004084   Section        0  inv_mpu.o(i.mpu_configure_fifo)
    i.mpu_get_accel_fsr                      0x080040f4   Section        0  inv_mpu.o(i.mpu_get_accel_fsr)
    i.mpu_get_accel_sens                     0x08004140   Section        0  inv_mpu.o(i.mpu_get_accel_sens)
    i.mpu_get_fifo_config                    0x08004194   Section        0  inv_mpu.o(i.mpu_get_fifo_config)
    i.mpu_get_gyro_fsr                       0x080041a4   Section        0  inv_mpu.o(i.mpu_get_gyro_fsr)
    i.mpu_get_gyro_sens                      0x080041e8   Section        0  inv_mpu.o(i.mpu_get_gyro_sens)
    i.mpu_get_lpf                            0x08004238   Section        0  inv_mpu.o(i.mpu_get_lpf)
    i.mpu_get_sample_rate                    0x08004288   Section        0  inv_mpu.o(i.mpu_get_sample_rate)
    i.mpu_getdata                            0x080042a8   Section        0  mpu.o(i.mpu_getdata)
    i.mpu_init                               0x080042e0   Section        0  inv_mpu.o(i.mpu_init)
    i.mpu_load_firmware                      0x08004470   Section        0  inv_mpu.o(i.mpu_load_firmware)
    i.mpu_lp_accel_mode                      0x08004528   Section        0  inv_mpu.o(i.mpu_lp_accel_mode)
    i.mpu_read_fifo_stream                   0x08004608   Section        0  inv_mpu.o(i.mpu_read_fifo_stream)
    i.mpu_read_mem                           0x080046c8   Section        0  inv_mpu.o(i.mpu_read_mem)
    i.mpu_reset_fifo                         0x08004748   Section        0  inv_mpu.o(i.mpu_reset_fifo)
    i.mpu_run_self_test                      0x08004904   Section        0  inv_mpu.o(i.mpu_run_self_test)
    i.mpu_set_accel_fsr                      0x08004a20   Section        0  inv_mpu.o(i.mpu_set_accel_fsr)
    i.mpu_set_bypass                         0x08004aa4   Section        0  inv_mpu.o(i.mpu_set_bypass)
    i.mpu_set_dmp_state                      0x08004bf0   Section        0  inv_mpu.o(i.mpu_set_dmp_state)
    i.mpu_set_gyro_fsr                       0x08004c80   Section        0  inv_mpu.o(i.mpu_set_gyro_fsr)
    i.mpu_set_int_latched                    0x08004d08   Section        0  inv_mpu.o(i.mpu_set_int_latched)
    i.mpu_set_lpf                            0x08004d74   Section        0  inv_mpu.o(i.mpu_set_lpf)
    i.mpu_set_sample_rate                    0x08004df8   Section        0  inv_mpu.o(i.mpu_set_sample_rate)
    i.mpu_set_sensors                        0x08004e94   Section        0  inv_mpu.o(i.mpu_set_sensors)
    i.mpu_write_mem                          0x08004f64   Section        0  inv_mpu.o(i.mpu_write_mem)
    i.myget_ms                               0x08004fe4   Section        0  inv_mpu.o(i.myget_ms)
    i.nvic_init                              0x08004fe8   Section        0  uart.o(i.nvic_init)
    nvic_init                                0x08004fe9   Thumb Code    34  uart.o(i.nvic_init)
    i.pwm_init                               0x08005010   Section        0  oc.o(i.pwm_init)
    i.run_self_test                          0x0800501c   Section        0  mpu6050.o(i.run_self_test)
    run_self_test                            0x0800501d   Thumb Code   144  mpu6050.o(i.run_self_test)
    i.set_int_enable                         0x080050ac   Section        0  inv_mpu.o(i.set_int_enable)
    set_int_enable                           0x080050ad   Thumb Code   138  inv_mpu.o(i.set_int_enable)
    i.sqrt                                   0x0800513c   Section        0  sqrt.o(i.sqrt)
    i.tim3_init                              0x08005188   Section        0  oc.o(i.tim3_init)
    i.tim4_init                              0x08005264   Section        0  oc.o(i.tim4_init)
    i.trans_others_R                         0x08005328   Section        0  trans.o(i.trans_others_R)
    i.trans_others_init                      0x0800548c   Section        0  trans.o(i.trans_others_init)
    i.uart_init                              0x080054dc   Section        0  uart.o(i.uart_init)
    i.usart_init                             0x08005598   Section        0  uart.o(i.usart_init)
    usart_init                               0x08005599   Thumb Code    74  uart.o(i.usart_init)
    .constdata                               0x080055f4   Section       80  inv_mpu.o(.constdata)
    .constdata                               0x08005644   Section     3062  inv_mpu_dmp_motion_driver.o(.constdata)
    dmp_memory                               0x08005644   Data        3062  inv_mpu_dmp_motion_driver.o(.constdata)
    .constdata                               0x08006240   Section       80  asin.o(.constdata)
    pS                                       0x08006240   Data          48  asin.o(.constdata)
    qS                                       0x08006270   Data          32  asin.o(.constdata)
    .constdata                               0x08006290   Section      152  atan.o(.constdata)
    atanhi                                   0x08006290   Data          32  atan.o(.constdata)
    atanlo                                   0x080062b0   Data          32  atan.o(.constdata)
    aTodd                                    0x080062d0   Data          40  atan.o(.constdata)
    aTeven                                   0x080062f8   Data          48  atan.o(.constdata)
    .constdata                               0x08006328   Section        8  qnan.o(.constdata)
    .data                                    0x20000000   Section       20  stm32f10x_rcc.o(.data)
    APBAHBPrescTable                         0x20000000   Data          16  stm32f10x_rcc.o(.data)
    ADCPrescTable                            0x20000010   Data           4  stm32f10x_rcc.o(.data)
    .data                                    0x20000014   Section        4  delay.o(.data)
    fac_us                                   0x20000014   Data           1  delay.o(.data)
    fac_ms                                   0x20000016   Data           2  delay.o(.data)
    .data                                    0x20000018   Section        4  gpio.o(.data)
    i0                                       0x20000018   Data           4  gpio.o(.data)
    .data                                    0x2000001c   Section      208  uart.o(.data)
    USARTx                                   0x2000001c   Data          20  uart.o(.data)
    RCC_APB1Periph_USARTx                    0x20000030   Data          20  uart.o(.data)
    RCC_APB2Periph_USARTx                    0x20000044   Data          20  uart.o(.data)
    GPIOx                                    0x20000058   Data          20  uart.o(.data)
    RCC_APB2Periph_GPIOx                     0x2000006c   Data          20  uart.o(.data)
    T_GPIO_Pin_x                             0x20000080   Data          20  uart.o(.data)
    R_GPIO_Pin_x                             0x20000094   Data          20  uart.o(.data)
    USARTx_IRQn                              0x200000a8   Data           5  uart.o(.data)
    RCC_AHBPeriph_DMAx                       0x200000b0   Data          20  uart.o(.data)
    T_DMA_Channel_x                          0x200000c4   Data          20  uart.o(.data)
    R_DMA_Channel_x                          0x200000d8   Data          20  uart.o(.data)
    .data                                    0x200000ec   Section       36  mpu.o(.data)
    pitch_last1                              0x200000f8   Data           4  mpu.o(.data)
    pitch_last2                              0x200000fc   Data           4  mpu.o(.data)
    roll_last1                               0x20000100   Data           4  mpu.o(.data)
    roll_last2                               0x20000104   Data           4  mpu.o(.data)
    yaw_last1                                0x20000108   Data           4  mpu.o(.data)
    yaw_last2                                0x2000010c   Data           4  mpu.o(.data)
    .data                                    0x20000110   Section       48  main.o(.data)
    .data                                    0x20000140   Section       20  system_stm32f10x.o(.data)
    .data                                    0x20000154   Section       44  inv_mpu.o(.data)
    st                                       0x20000154   Data          44  inv_mpu.o(.data)
    .data                                    0x20000180   Section       60  mpu6050.o(.data)
    gyro_orientation                         0x200001ac   Data           9  mpu6050.o(.data)
    .data                                    0x200001bc   Section        4  stdout.o(.data)
    .data                                    0x200001c0   Section        4  errno.o(.data)
    _errno                                   0x200001c0   Data           4  errno.o(.data)
    .bss                                     0x200001c4   Section     1140  uart.o(.bss)
    GPIO_Remap_USARTx                        0x200001c4   Data          20  uart.o(.bss)
    rx_pre                                   0x200001d8   Data        1000  uart.o(.bss)
    bauds                                    0x200005c0   Data          20  uart.o(.bss)
    tx_ptrs                                  0x200005d4   Data          20  uart.o(.bss)
    tx_lens                                  0x200005e8   Data          20  uart.o(.bss)
    rx_ptrs                                  0x200005fc   Data          20  uart.o(.bss)
    rx_lens                                  0x20000610   Data          20  uart.o(.bss)
    rx_flags                                 0x20000624   Data          20  uart.o(.bss)
    .bss                                     0x20000638   Section     1540  trans.o(.bss)
    trans_bt_Tbuff                           0x20000638   Data         512  trans.o(.bss)
    trans_bt_Rbuff                           0x20000838   Data         512  trans.o(.bss)
    trans_bt_Rflag                           0x20000a38   Data          16  trans.o(.bss)
    trans_mpu_Rbuff                          0x20000c00   Data          44  trans.o(.bss)
    trans_mpu_Rflag                          0x20000c2c   Data          16  trans.o(.bss)
    .bss                                     0x20000c3c   Section       16  inv_mpu_dmp_motion_driver.o(.bss)
    dmp                                      0x20000c3c   Data          16  inv_mpu_dmp_motion_driver.o(.bss)
    STACK                                    0x20000c50   Section     1024  startup_stm32f10x_md.o(STACK)

    Global Symbols

    Symbol Name                              Value     Ov Type        Size  Object(Section)

    BuildAttributes$$THM_ISAv4$P$D$K$B$S$PE$A:L22UL41UL21$X:L11$S22US41US21$IEEE1$IW$USESV6$~STKCKD$USESV7$~SHL$OTIME$ROPI$IEEEX$EBA8$MICROLIB$REQ8$PRES8$EABIv2 0x00000000   Number         0  anon$$obj.o ABSOLUTE
    __ARM_use_no_argv                        0x00000000   Number         0  main.o ABSOLUTE
    _printf_a                                0x00000000   Number         0  stubs.o ABSOLUTE
    _printf_c                                0x00000000   Number         0  stubs.o ABSOLUTE
    _printf_charcount                        0x00000000   Number         0  stubs.o ABSOLUTE
    _printf_d                                0x00000000   Number         0  stubs.o ABSOLUTE
    _printf_e                                0x00000000   Number         0  stubs.o ABSOLUTE
    _printf_f                                0x00000000   Number         0  stubs.o ABSOLUTE
    _printf_flags                            0x00000000   Number         0  stubs.o ABSOLUTE
    _printf_fp_dec                           0x00000000   Number         0  stubs.o ABSOLUTE
    _printf_fp_hex                           0x00000000   Number         0  stubs.o ABSOLUTE
    _printf_g                                0x00000000   Number         0  stubs.o ABSOLUTE
    _printf_i                                0x00000000   Number         0  stubs.o ABSOLUTE
    _printf_int_dec                          0x00000000   Number         0  stubs.o ABSOLUTE
    _printf_l                                0x00000000   Number         0  stubs.o ABSOLUTE
    _printf_lc                               0x00000000   Number         0  stubs.o ABSOLUTE
    _printf_ll                               0x00000000   Number         0  stubs.o ABSOLUTE
    _printf_lld                              0x00000000   Number         0  stubs.o ABSOLUTE
    _printf_lli                              0x00000000   Number         0  stubs.o ABSOLUTE
    _printf_llo                              0x00000000   Number         0  stubs.o ABSOLUTE
    _printf_llu                              0x00000000   Number         0  stubs.o ABSOLUTE
    _printf_llx                              0x00000000   Number         0  stubs.o ABSOLUTE
    _printf_longlong_dec                     0x00000000   Number         0  stubs.o ABSOLUTE
    _printf_longlong_hex                     0x00000000   Number         0  stubs.o ABSOLUTE
    _printf_longlong_oct                     0x00000000   Number         0  stubs.o ABSOLUTE
    _printf_ls                               0x00000000   Number         0  stubs.o ABSOLUTE
    _printf_mbtowc                           0x00000000   Number         0  stubs.o ABSOLUTE
    _printf_n                                0x00000000   Number         0  stubs.o ABSOLUTE
    _printf_o                                0x00000000   Number         0  stubs.o ABSOLUTE
    _printf_p                                0x00000000   Number         0  stubs.o ABSOLUTE
    _printf_percent                          0x00000000   Number         0  stubs.o ABSOLUTE
    _printf_pre_padding                      0x00000000   Number         0  stubs.o ABSOLUTE
    _printf_return_value                     0x00000000   Number         0  stubs.o ABSOLUTE
    _printf_s                                0x00000000   Number         0  stubs.o ABSOLUTE
    _printf_sizespec                         0x00000000   Number         0  stubs.o ABSOLUTE
    _printf_str                              0x00000000   Number         0  stubs.o ABSOLUTE
    _printf_truncate_signed                  0x00000000   Number         0  stubs.o ABSOLUTE
    _printf_truncate_unsigned                0x00000000   Number         0  stubs.o ABSOLUTE
    _printf_u                                0x00000000   Number         0  stubs.o ABSOLUTE
    _printf_wc                               0x00000000   Number         0  stubs.o ABSOLUTE
    _printf_wctomb                           0x00000000   Number         0  stubs.o ABSOLUTE
    _printf_widthprec                        0x00000000   Number         0  stubs.o ABSOLUTE
    _printf_x                                0x00000000   Number         0  stubs.o ABSOLUTE
    __arm_fini_                               - Undefined Weak Reference
    __cpp_initialize__aeabi_                  - Undefined Weak Reference
    __cxa_finalize                            - Undefined Weak Reference
    _clock_init                               - Undefined Weak Reference
    _microlib_exit                            - Undefined Weak Reference
    __Vectors_Size                           0x000000ec   Number         0  startup_stm32f10x_md.o ABSOLUTE
    __Vectors                                0x08000000   Data           4  startup_stm32f10x_md.o(RESET)
    __Vectors_End                            0x080000ec   Data           0  startup_stm32f10x_md.o(RESET)
    __main                                   0x080000ed   Thumb Code     0  entry.o(.ARM.Collect$$$$00000000)
    _main_stk                                0x080000ed   Thumb Code     0  entry2.o(.ARM.Collect$$$$00000001)
    _main_scatterload                        0x080000f1   Thumb Code     0  entry5.o(.ARM.Collect$$$$00000004)
    __main_after_scatterload                 0x080000f5   Thumb Code     0  entry5.o(.ARM.Collect$$$$00000004)
    _main_clock                              0x080000f5   Thumb Code     0  entry7b.o(.ARM.Collect$$$$00000008)
    _main_cpp_init                           0x080000f5   Thumb Code     0  entry8b.o(.ARM.Collect$$$$0000000A)
    _main_init                               0x080000f5   Thumb Code     0  entry9a.o(.ARM.Collect$$$$0000000B)
    __rt_lib_shutdown_fini                   0x080000fd   Thumb Code     0  entry12b.o(.ARM.Collect$$$$0000000E)
    __rt_final_cpp                           0x08000101   Thumb Code     0  entry10a.o(.ARM.Collect$$$$0000000F)
    __rt_final_exit                          0x08000101   Thumb Code     0  entry11a.o(.ARM.Collect$$$$00000011)
    Reset_Handler                            0x08000105   Thumb Code     8  startup_stm32f10x_md.o(.text)
    ADC1_2_IRQHandler                        0x0800011f   Thumb Code     0  startup_stm32f10x_md.o(.text)
    CAN1_RX1_IRQHandler                      0x0800011f   Thumb Code     0  startup_stm32f10x_md.o(.text)
    CAN1_SCE_IRQHandler                      0x0800011f   Thumb Code     0  startup_stm32f10x_md.o(.text)
    DMA1_Channel1_IRQHandler                 0x0800011f   Thumb Code     0  startup_stm32f10x_md.o(.text)
    DMA1_Channel2_IRQHandler                 0x0800011f   Thumb Code     0  startup_stm32f10x_md.o(.text)
    DMA1_Channel3_IRQHandler                 0x0800011f   Thumb Code     0  startup_stm32f10x_md.o(.text)
    DMA1_Channel4_IRQHandler                 0x0800011f   Thumb Code     0  startup_stm32f10x_md.o(.text)
    DMA1_Channel5_IRQHandler                 0x0800011f   Thumb Code     0  startup_stm32f10x_md.o(.text)
    DMA1_Channel6_IRQHandler                 0x0800011f   Thumb Code     0  startup_stm32f10x_md.o(.text)
    DMA1_Channel7_IRQHandler                 0x0800011f   Thumb Code     0  startup_stm32f10x_md.o(.text)
    FLASH_IRQHandler                         0x0800011f   Thumb Code     0  startup_stm32f10x_md.o(.text)
    I2C1_ER_IRQHandler                       0x0800011f   Thumb Code     0  startup_stm32f10x_md.o(.text)
    I2C1_EV_IRQHandler                       0x0800011f   Thumb Code     0  startup_stm32f10x_md.o(.text)
    I2C2_ER_IRQHandler                       0x0800011f   Thumb Code     0  startup_stm32f10x_md.o(.text)
    I2C2_EV_IRQHandler                       0x0800011f   Thumb Code     0  startup_stm32f10x_md.o(.text)
    PVD_IRQHandler                           0x0800011f   Thumb Code     0  startup_stm32f10x_md.o(.text)
    RCC_IRQHandler                           0x0800011f   Thumb Code     0  startup_stm32f10x_md.o(.text)
    RTCAlarm_IRQHandler                      0x0800011f   Thumb Code     0  startup_stm32f10x_md.o(.text)
    RTC_IRQHandler                           0x0800011f   Thumb Code     0  startup_stm32f10x_md.o(.text)
    SPI1_IRQHandler                          0x0800011f   Thumb Code     0  startup_stm32f10x_md.o(.text)
    SPI2_IRQHandler                          0x0800011f   Thumb Code     0  startup_stm32f10x_md.o(.text)
    TAMPER_IRQHandler                        0x0800011f   Thumb Code     0  startup_stm32f10x_md.o(.text)
    TIM1_BRK_IRQHandler                      0x0800011f   Thumb Code     0  startup_stm32f10x_md.o(.text)
    TIM1_CC_IRQHandler                       0x0800011f   Thumb Code     0  startup_stm32f10x_md.o(.text)
    TIM1_TRG_COM_IRQHandler                  0x0800011f   Thumb Code     0  startup_stm32f10x_md.o(.text)
    TIM1_UP_IRQHandler                       0x0800011f   Thumb Code     0  startup_stm32f10x_md.o(.text)
    TIM2_IRQHandler                          0x0800011f   Thumb Code     0  startup_stm32f10x_md.o(.text)
    TIM3_IRQHandler                          0x0800011f   Thumb Code     0  startup_stm32f10x_md.o(.text)
    TIM4_IRQHandler                          0x0800011f   Thumb Code     0  startup_stm32f10x_md.o(.text)
    USBWakeUp_IRQHandler                     0x0800011f   Thumb Code     0  startup_stm32f10x_md.o(.text)
    USB_HP_CAN1_TX_IRQHandler                0x0800011f   Thumb Code     0  startup_stm32f10x_md.o(.text)
    USB_LP_CAN1_RX0_IRQHandler               0x0800011f   Thumb Code     0  startup_stm32f10x_md.o(.text)
    WWDG_IRQHandler                          0x0800011f   Thumb Code     0  startup_stm32f10x_md.o(.text)
    __aeabi_ldivmod                          0x08000129   Thumb Code    98  ldiv.o(.text)
    __aeabi_memset                           0x0800018b   Thumb Code    14  memseta.o(.text)
    __aeabi_memset4                          0x0800018b   Thumb Code     0  memseta.o(.text)
    __aeabi_memset8                          0x0800018b   Thumb Code     0  memseta.o(.text)
    __aeabi_memclr                           0x08000199   Thumb Code     4  memseta.o(.text)
    __aeabi_memclr4                          0x08000199   Thumb Code     0  memseta.o(.text)
    __aeabi_memclr8                          0x08000199   Thumb Code     0  memseta.o(.text)
    _memset$wrapper                          0x0800019d   Thumb Code    18  memseta.o(.text)
    memcmp                                   0x080001af   Thumb Code    26  memcmp.o(.text)
    __aeabi_fadd                             0x080001c9   Thumb Code   164  fadd.o(.text)
    __aeabi_fsub                             0x0800026d   Thumb Code     6  fadd.o(.text)
    __aeabi_frsub                            0x08000273   Thumb Code     6  fadd.o(.text)
    __aeabi_fmul                             0x08000279   Thumb Code   100  fmul.o(.text)
    __aeabi_fdiv                             0x080002dd   Thumb Code   124  fdiv.o(.text)
    __aeabi_dadd                             0x08000359   Thumb Code   322  dadd.o(.text)
    __aeabi_dsub                             0x0800049b   Thumb Code     6  dadd.o(.text)
    __aeabi_drsub                            0x080004a1   Thumb Code     6  dadd.o(.text)
    __aeabi_dmul                             0x080004a7   Thumb Code   228  dmul.o(.text)
    __aeabi_i2f                              0x0800058b   Thumb Code    18  fflti.o(.text)
    __aeabi_ui2f                             0x0800059d   Thumb Code    10  ffltui.o(.text)
    __aeabi_f2iz                             0x080005a7   Thumb Code    50  ffixi.o(.text)
    __aeabi_f2uiz                            0x080005d9   Thumb Code    40  ffixui.o(.text)
    __aeabi_f2d                              0x08000601   Thumb Code    38  f2d.o(.text)
    __aeabi_d2f                              0x08000627   Thumb Code    56  d2f.o(.text)
    __aeabi_cfcmpeq                          0x08000661   Thumb Code     0  cfcmple.o(.text)
    __aeabi_cfcmple                          0x08000661   Thumb Code    20  cfcmple.o(.text)
    __aeabi_cfrcmple                         0x08000675   Thumb Code    20  cfrcmple.o(.text)
    __aeabi_uidiv                            0x08000689   Thumb Code     0  uidiv.o(.text)
    __aeabi_uidivmod                         0x08000689   Thumb Code    44  uidiv.o(.text)
    __aeabi_uldivmod                         0x080006b5   Thumb Code    98  uldiv.o(.text)
    __aeabi_llsl                             0x08000717   Thumb Code    30  llshl.o(.text)
    _ll_shift_l                              0x08000717   Thumb Code     0  llshl.o(.text)
    __aeabi_lasr                             0x08000735   Thumb Code    36  llsshr.o(.text)
    _ll_sshift_r                             0x08000735   Thumb Code     0  llsshr.o(.text)
    __I$use$fp                               0x08000759   Thumb Code     0  iusefp.o(.text)
    _float_round                             0x08000759   Thumb Code    18  fepilogue.o(.text)
    _float_epilogue                          0x0800076b   Thumb Code    92  fepilogue.o(.text)
    _double_round                            0x080007c7   Thumb Code    30  depilogue.o(.text)
    _double_epilogue                         0x080007e5   Thumb Code   156  depilogue.o(.text)
    __aeabi_ddiv                             0x08000881   Thumb Code   222  ddiv.o(.text)
    __ARM_scalbn                             0x0800095f   Thumb Code    46  dscalb.o(.text)
    scalbn                                   0x0800095f   Thumb Code     0  dscalb.o(.text)
    __aeabi_cdcmpeq                          0x0800098d   Thumb Code     0  cdcmple.o(.text)
    __aeabi_cdcmple                          0x0800098d   Thumb Code    48  cdcmple.o(.text)
    __scatterload                            0x080009bd   Thumb Code    28  init.o(.text)
    __scatterload_rt2                        0x080009bd   Thumb Code     0  init.o(.text)
    __aeabi_llsr                             0x080009e1   Thumb Code    32  llushr.o(.text)
    _ll_ushift_r                             0x080009e1   Thumb Code     0  llushr.o(.text)
    _dsqrt                                   0x08000a01   Thumb Code   162  dsqrt.o(.text)
    __decompress                             0x08000aa3   Thumb Code     0  __dczerorl2.o(.text)
    __decompress1                            0x08000aa3   Thumb Code    86  __dczerorl2.o(.text)
    BusFault_Handler                         0x08000af9   Thumb Code     4  stm32f10x_it.o(i.BusFault_Handler)
    DMA_Cmd                                  0x08000afd   Thumb Code    24  stm32f10x_dma.o(i.DMA_Cmd)
    DMA_GetCurrDataCounter                   0x08000b15   Thumb Code     8  stm32f10x_dma.o(i.DMA_GetCurrDataCounter)
    DMA_Init                                 0x08000b1d   Thumb Code    60  stm32f10x_dma.o(i.DMA_Init)
    DMA_SetCurrDataCounter                   0x08000b59   Thumb Code     4  stm32f10x_dma.o(i.DMA_SetCurrDataCounter)
    DMP_Init                                 0x08000b5d   Thumb Code    84  mpu6050.o(i.DMP_Init)
    DebugMon_Handler                         0x08000bb5   Thumb Code     2  stm32f10x_it.o(i.DebugMon_Handler)
    EXTI0_IRQHandler                         0x08000bb9   Thumb Code    16  gpio.o(i.EXTI0_IRQHandler)
    EXTI15_10_IRQHandler                     0x08000bd1   Thumb Code    16  gpio.o(i.EXTI15_10_IRQHandler)
    EXTI1_IRQHandler                         0x08000be9   Thumb Code    16  gpio.o(i.EXTI1_IRQHandler)
    EXTI2_IRQHandler                         0x08000c01   Thumb Code    16  gpio.o(i.EXTI2_IRQHandler)
    EXTI3_IRQHandler                         0x08000c19   Thumb Code    16  gpio.o(i.EXTI3_IRQHandler)
    EXTI4_IRQHandler                         0x08000c31   Thumb Code    16  gpio.o(i.EXTI4_IRQHandler)
    EXTI9_5_IRQHandler                       0x08000c49   Thumb Code    16  gpio.o(i.EXTI9_5_IRQHandler)
    EXTI_ClearITPendingBit                   0x08000c61   Thumb Code     6  stm32f10x_exti.o(i.EXTI_ClearITPendingBit)
    GPIO_Init                                0x08000c6d   Thumb Code   278  stm32f10x_gpio.o(i.GPIO_Init)
    GPIO_PinRemapConfig                      0x08000d85   Thumb Code   138  stm32f10x_gpio.o(i.GPIO_PinRemapConfig)
    HardFault_Handler                        0x08000e15   Thumb Code     4  stm32f10x_it.o(i.HardFault_Handler)
    I2C_ReadOneByte                          0x08000e19   Thumb Code    70  ioi2c.o(i.I2C_ReadOneByte)
    IIC_Ack                                  0x08000e61   Thumb Code    64  ioi2c.o(i.IIC_Ack)
    IIC_Init                                 0x08000ead   Thumb Code    40  ioi2c.o(i.IIC_Init)
    IIC_NAck                                 0x08000ed9   Thumb Code    62  ioi2c.o(i.IIC_NAck)
    IIC_Read_Byte                            0x08000f25   Thumb Code    98  ioi2c.o(i.IIC_Read_Byte)
    IIC_Send_Byte                            0x08000f95   Thumb Code    88  ioi2c.o(i.IIC_Send_Byte)
    IIC_Start                                0x08000ff9   Thumb Code    92  ioi2c.o(i.IIC_Start)
    IIC_Stop                                 0x08001061   Thumb Code    60  ioi2c.o(i.IIC_Stop)
    IIC_Wait_Ack                             0x080010a9   Thumb Code    92  ioi2c.o(i.IIC_Wait_Ack)
    IICreadByte                              0x08001111   Thumb Code    22  ioi2c.o(i.IICreadByte)
    IICwriteBit                              0x08001127   Thumb Code    64  ioi2c.o(i.IICwriteBit)
    IICwriteBits                             0x08001167   Thumb Code   106  ioi2c.o(i.IICwriteBits)
    IICwriteByte                             0x080011d1   Thumb Code    20  ioi2c.o(i.IICwriteByte)
    IICwriteBytes                            0x080011e5   Thumb Code    70  ioi2c.o(i.IICwriteBytes)
    MPU6050_initialize                       0x0800122b   Thumb Code    40  mpu6050.o(i.MPU6050_initialize)
    MPU6050_setClockSource                   0x08001253   Thumb Code    20  mpu6050.o(i.MPU6050_setClockSource)
    MPU6050_setFullScaleAccelRange           0x08001267   Thumb Code    20  mpu6050.o(i.MPU6050_setFullScaleAccelRange)
    MPU6050_setFullScaleGyroRange            0x0800127b   Thumb Code    20  mpu6050.o(i.MPU6050_setFullScaleGyroRange)
    MPU6050_setI2CBypassEnabled              0x0800128f   Thumb Code    18  mpu6050.o(i.MPU6050_setI2CBypassEnabled)
    MPU6050_setI2CMasterModeEnabled          0x080012a1   Thumb Code    18  mpu6050.o(i.MPU6050_setI2CMasterModeEnabled)
    MPU6050_setSleepEnabled                  0x080012b3   Thumb Code    18  mpu6050.o(i.MPU6050_setSleepEnabled)
    MemManage_Handler                        0x080012c5   Thumb Code     4  stm32f10x_it.o(i.MemManage_Handler)
    NMI_Handler                              0x080012c9   Thumb Code     2  stm32f10x_it.o(i.NMI_Handler)
    NVIC_Init                                0x080012cd   Thumb Code   100  misc.o(i.NVIC_Init)
    NVIC_PriorityGroupConfig                 0x0800133d   Thumb Code    10  misc.o(i.NVIC_PriorityGroupConfig)
    PendSV_Handler                           0x08001351   Thumb Code     2  stm32f10x_it.o(i.PendSV_Handler)
    RCC_AHBPeriphClockCmd                    0x08001355   Thumb Code    26  stm32f10x_rcc.o(i.RCC_AHBPeriphClockCmd)
    RCC_APB1PeriphClockCmd                   0x08001375   Thumb Code    26  stm32f10x_rcc.o(i.RCC_APB1PeriphClockCmd)
    RCC_APB2PeriphClockCmd                   0x08001395   Thumb Code    26  stm32f10x_rcc.o(i.RCC_APB2PeriphClockCmd)
    RCC_GetClocksFreq                        0x080013b5   Thumb Code   192  stm32f10x_rcc.o(i.RCC_GetClocksFreq)
    Read_DMP                                 0x08001489   Thumb Code   560  mpu6050.o(i.Read_DMP)
    SVC_Handler                              0x080016e5   Thumb Code     2  stm32f10x_it.o(i.SVC_Handler)
    SysTick_CLKSourceConfig                  0x080017d1   Thumb Code    40  misc.o(i.SysTick_CLKSourceConfig)
    SysTick_Handler                          0x080017f9   Thumb Code     2  stm32f10x_it.o(i.SysTick_Handler)
    SystemInit                               0x080017fd   Thumb Code    78  system_stm32f10x.o(i.SystemInit)
    TIM_ARRPreloadConfig                     0x0800185d   Thumb Code    24  stm32f10x_tim.o(i.TIM_ARRPreloadConfig)
    TIM_Cmd                                  0x08001875   Thumb Code    24  stm32f10x_tim.o(i.TIM_Cmd)
    TIM_OC1Init                              0x0800188d   Thumb Code   132  stm32f10x_tim.o(i.TIM_OC1Init)
    TIM_OC1PreloadConfig                     0x08001925   Thumb Code    18  stm32f10x_tim.o(i.TIM_OC1PreloadConfig)
    TIM_OC2Init                              0x08001939   Thumb Code   154  stm32f10x_tim.o(i.TIM_OC2Init)
    TIM_OC2PreloadConfig                     0x080019dd   Thumb Code    26  stm32f10x_tim.o(i.TIM_OC2PreloadConfig)
    TIM_OC3Init                              0x080019f9   Thumb Code   150  stm32f10x_tim.o(i.TIM_OC3Init)
    TIM_OC3PreloadConfig                     0x08001a99   Thumb Code    18  stm32f10x_tim.o(i.TIM_OC3PreloadConfig)
    TIM_OC4Init                              0x08001aad   Thumb Code   114  stm32f10x_tim.o(i.TIM_OC4Init)
    TIM_OC4PreloadConfig                     0x08001b29   Thumb Code    26  stm32f10x_tim.o(i.TIM_OC4PreloadConfig)
    TIM_SetCompare1                          0x08001b43   Thumb Code     4  stm32f10x_tim.o(i.TIM_SetCompare1)
    TIM_SetCompare2                          0x08001b47   Thumb Code     4  stm32f10x_tim.o(i.TIM_SetCompare2)
    TIM_SetCompare3                          0x08001b4b   Thumb Code     4  stm32f10x_tim.o(i.TIM_SetCompare3)
    TIM_SetCompare4                          0x08001b4f   Thumb Code     6  stm32f10x_tim.o(i.TIM_SetCompare4)
    TIM_TimeBaseInit                         0x08001b55   Thumb Code   122  stm32f10x_tim.o(i.TIM_TimeBaseInit)
    USART1_IRQHandler                        0x08001bf9   Thumb Code    10  uart.o(i.USART1_IRQHandler)
    USART2_IRQHandler                        0x08001c03   Thumb Code    10  uart.o(i.USART2_IRQHandler)
    USART3_IRQHandler                        0x08001c0d   Thumb Code    10  uart.o(i.USART3_IRQHandler)
    USART_ClearITPendingBit                  0x08001c17   Thumb Code    30  stm32f10x_usart.o(i.USART_ClearITPendingBit)
    USART_Cmd                                0x08001c35   Thumb Code    24  stm32f10x_usart.o(i.USART_Cmd)
    USART_DMACmd                             0x08001c4d   Thumb Code    18  stm32f10x_usart.o(i.USART_DMACmd)
    USART_GetFlagStatus                      0x08001c5f   Thumb Code    26  stm32f10x_usart.o(i.USART_GetFlagStatus)
    USART_GetITStatus                        0x08001c79   Thumb Code    84  stm32f10x_usart.o(i.USART_GetITStatus)
    USART_ITConfig                           0x08001ccd   Thumb Code    74  stm32f10x_usart.o(i.USART_ITConfig)
    USART_Init                               0x08001d19   Thumb Code   210  stm32f10x_usart.o(i.USART_Init)
    USART_ReceiveData                        0x08001df1   Thumb Code    10  stm32f10x_usart.o(i.USART_ReceiveData)
    USART_SendData                           0x08001dfb   Thumb Code     8  stm32f10x_usart.o(i.USART_SendData)
    UsageFault_Handler                       0x08001ebd   Thumb Code     4  stm32f10x_it.o(i.UsageFault_Handler)
    __0printf$1                              0x08001ec1   Thumb Code    22  printf1.o(i.__0printf$1)
    __1printf$1                              0x08001ec1   Thumb Code     0  printf1.o(i.__0printf$1)
    __2printf                                0x08001ec1   Thumb Code     0  printf1.o(i.__0printf$1)
    __ARM_fpclassify                         0x08001ee1   Thumb Code    40  fpclassify.o(i.__ARM_fpclassify)
    __kernel_poly                            0x08001f09   Thumb Code   170  poly.o(i.__kernel_poly)
    __mathlib_dbl_infnan                     0x08001fb3   Thumb Code     6  dunder.o(i.__mathlib_dbl_infnan)
    __mathlib_dbl_infnan2                    0x08001fb9   Thumb Code     4  dunder.o(i.__mathlib_dbl_infnan2)
    __mathlib_dbl_invalid                    0x08001fbd   Thumb Code    12  dunder.o(i.__mathlib_dbl_invalid)
    __mathlib_dbl_underflow                  0x08001fc9   Thumb Code    10  dunder.o(i.__mathlib_dbl_underflow)
    __scatterload_copy                       0x08001fd9   Thumb Code    14  handlers.o(i.__scatterload_copy)
    __scatterload_null                       0x08001fe7   Thumb Code     2  handlers.o(i.__scatterload_null)
    __scatterload_zeroinit                   0x08001fe9   Thumb Code    14  handlers.o(i.__scatterload_zeroinit)
    __set_errno                              0x08001ff9   Thumb Code     6  errno.o(i.__set_errno)
    asin                                     0x08002201   Thumb Code   572  asin.o(i.asin)
    atan                                     0x08002471   Thumb Code   474  atan.o(i.atan)
    atan2                                    0x08002691   Thumb Code   374  atan2.o(i.atan2)
    delay_init                               0x08002891   Thumb Code    50  delay.o(i.delay_init)
    delay_ms                                 0x080028d5   Thumb Code    72  delay.o(i.delay_ms)
    delay_us                                 0x08002921   Thumb Code    72  delay.o(i.delay_us)
    dmp_enable_6x_lp_quat                    0x08002a55   Thumb Code    60  inv_mpu_dmp_motion_driver.o(i.dmp_enable_6x_lp_quat)
    dmp_enable_feature                       0x08002a91   Thumb Code   530  inv_mpu_dmp_motion_driver.o(i.dmp_enable_feature)
    dmp_enable_gyro_cal                      0x08002cad   Thumb Code    62  inv_mpu_dmp_motion_driver.o(i.dmp_enable_gyro_cal)
    dmp_enable_lp_quat                       0x08002d05   Thumb Code    60  inv_mpu_dmp_motion_driver.o(i.dmp_enable_lp_quat)
    dmp_load_motion_driver_firmware          0x08002d41   Thumb Code    20  inv_mpu_dmp_motion_driver.o(i.dmp_load_motion_driver_firmware)
    dmp_read_fifo                            0x08002d59   Thumb Code   456  inv_mpu_dmp_motion_driver.o(i.dmp_read_fifo)
    dmp_set_accel_bias                       0x08002f25   Thumb Code   300  inv_mpu_dmp_motion_driver.o(i.dmp_set_accel_bias)
    dmp_set_fifo_rate                        0x08003055   Thumb Code    96  inv_mpu_dmp_motion_driver.o(i.dmp_set_fifo_rate)
    dmp_set_gyro_bias                        0x080030c5   Thumb Code   294  inv_mpu_dmp_motion_driver.o(i.dmp_set_gyro_bias)
    dmp_set_orientation                      0x080031f5   Thumb Code   290  inv_mpu_dmp_motion_driver.o(i.dmp_set_orientation)
    dmp_set_shake_reject_thresh              0x0800332d   Thumb Code    56  inv_mpu_dmp_motion_driver.o(i.dmp_set_shake_reject_thresh)
    dmp_set_shake_reject_time                0x08003365   Thumb Code    38  inv_mpu_dmp_motion_driver.o(i.dmp_set_shake_reject_time)
    dmp_set_shake_reject_timeout             0x0800338b   Thumb Code    38  inv_mpu_dmp_motion_driver.o(i.dmp_set_shake_reject_timeout)
    dmp_set_tap_axes                         0x080033b1   Thumb Code    70  inv_mpu_dmp_motion_driver.o(i.dmp_set_tap_axes)
    dmp_set_tap_count                        0x080033f7   Thumb Code    38  inv_mpu_dmp_motion_driver.o(i.dmp_set_tap_count)
    dmp_set_tap_thresh                       0x0800341d   Thumb Code   396  inv_mpu_dmp_motion_driver.o(i.dmp_set_tap_thresh)
    dmp_set_tap_time                         0x080035bd   Thumb Code    38  inv_mpu_dmp_motion_driver.o(i.dmp_set_tap_time)
    dmp_set_tap_time_multi                   0x080035e3   Thumb Code    38  inv_mpu_dmp_motion_driver.o(i.dmp_set_tap_time_multi)
    fputc                                    0x08003609   Thumb Code    32  uart.o(i.fputc)
    i2cRead                                  0x08003cd1   Thumb Code   118  ioi2c.o(i.i2cRead)
    i2cWrite                                 0x08003d47   Thumb Code    96  ioi2c.o(i.i2cWrite)
    main                                     0x08003e1d   Thumb Code   496  main.o(i.main)
    mpu__init                                0x08004069   Thumb Code    28  mpu.o(i.mpu__init)
    mpu_configure_fifo                       0x08004085   Thumb Code   106  inv_mpu.o(i.mpu_configure_fifo)
    mpu_get_accel_fsr                        0x080040f5   Thumb Code    72  inv_mpu.o(i.mpu_get_accel_fsr)
    mpu_get_accel_sens                       0x08004141   Thumb Code    78  inv_mpu.o(i.mpu_get_accel_sens)
    mpu_get_fifo_config                      0x08004195   Thumb Code    12  inv_mpu.o(i.mpu_get_fifo_config)
    mpu_get_gyro_fsr                         0x080041a5   Thumb Code    64  inv_mpu.o(i.mpu_get_gyro_fsr)
    mpu_get_gyro_sens                        0x080041e9   Thumb Code    58  inv_mpu.o(i.mpu_get_gyro_sens)
    mpu_get_lpf                              0x08004239   Thumb Code    74  inv_mpu.o(i.mpu_get_lpf)
    mpu_get_sample_rate                      0x08004289   Thumb Code    26  inv_mpu.o(i.mpu_get_sample_rate)
    mpu_getdata                              0x080042a9   Thumb Code    32  mpu.o(i.mpu_getdata)
    mpu_init                                 0x080042e1   Thumb Code   396  inv_mpu.o(i.mpu_init)
    mpu_load_firmware                        0x08004471   Thumb Code   180  inv_mpu.o(i.mpu_load_firmware)
    mpu_lp_accel_mode                        0x08004529   Thumb Code   218  inv_mpu.o(i.mpu_lp_accel_mode)
    mpu_read_fifo_stream                     0x08004609   Thumb Code   186  inv_mpu.o(i.mpu_read_fifo_stream)
    mpu_read_mem                             0x080046c9   Thumb Code   122  inv_mpu.o(i.mpu_read_mem)
    mpu_reset_fifo                           0x08004749   Thumb Code   438  inv_mpu.o(i.mpu_reset_fifo)
    mpu_run_self_test                        0x08004905   Thumb Code   278  inv_mpu.o(i.mpu_run_self_test)
    mpu_set_accel_fsr                        0x08004a21   Thumb Code   126  inv_mpu.o(i.mpu_set_accel_fsr)
    mpu_set_bypass                           0x08004aa5   Thumb Code   328  inv_mpu.o(i.mpu_set_bypass)
    mpu_set_dmp_state                        0x08004bf1   Thumb Code   138  inv_mpu.o(i.mpu_set_dmp_state)
    mpu_set_gyro_fsr                         0x08004c81   Thumb Code   132  inv_mpu.o(i.mpu_set_gyro_fsr)
    mpu_set_int_latched                      0x08004d09   Thumb Code   102  inv_mpu.o(i.mpu_set_int_latched)
    mpu_set_lpf                              0x08004d75   Thumb Code   126  inv_mpu.o(i.mpu_set_lpf)
    mpu_set_sample_rate                      0x08004df9   Thumb Code   152  inv_mpu.o(i.mpu_set_sample_rate)
    mpu_set_sensors                          0x08004e95   Thumb Code   202  inv_mpu.o(i.mpu_set_sensors)
    mpu_write_mem                            0x08004f65   Thumb Code   122  inv_mpu.o(i.mpu_write_mem)
    myget_ms                                 0x08004fe5   Thumb Code     2  inv_mpu.o(i.myget_ms)
    pwm_init                                 0x08005011   Thumb Code    12  oc.o(i.pwm_init)
    sqrt                                     0x0800513d   Thumb Code    76  sqrt.o(i.sqrt)
    tim3_init                                0x08005189   Thumb Code   208  oc.o(i.tim3_init)
    tim4_init                                0x08005265   Thumb Code   186  oc.o(i.tim4_init)
    trans_others_R                           0x08005329   Thumb Code   348  trans.o(i.trans_others_R)
    trans_others_init                        0x0800548d   Thumb Code    66  trans.o(i.trans_others_init)
    uart_init                                0x080054dd   Thumb Code   150  uart.o(i.uart_init)
    hw                                       0x080055f4   Data          12  inv_mpu.o(.constdata)
    reg                                      0x08005600   Data          27  inv_mpu.o(.constdata)
    test                                     0x0800561c   Data          40  inv_mpu.o(.constdata)
    __mathlib_zero                           0x08006328   Data           8  qnan.o(.constdata)
    Region$$Table$$Base                      0x08006330   Number         0  anon$$obj.o(Region$$Table)
    Region$$Table$$Limit                     0x08006350   Number         0  anon$$obj.o(Region$$Table)
    pitch                                    0x200000ec   Data           4  mpu.o(.data)
    roll                                     0x200000f0   Data           4  mpu.o(.data)
    yaw                                      0x200000f4   Data           4  mpu.o(.data)
    init_identity                            0x20000110   Data           4  main.o(.data)
    init_pwm                                 0x20000114   Data           4  main.o(.data)
    pwm1                                     0x20000118   Data           4  main.o(.data)
    pwm2                                     0x2000011c   Data           4  main.o(.data)
    pwm3                                     0x20000120   Data           4  main.o(.data)
    pwm4                                     0x20000124   Data           4  main.o(.data)
    pwm5                                     0x20000128   Data           4  main.o(.data)
    pwm6                                     0x2000012c   Data           4  main.o(.data)
    depth                                    0x20000130   Data           4  main.o(.data)
    depth1                                   0x20000134   Data           4  main.o(.data)
    depth2                                   0x20000138   Data           4  main.o(.data)
    temp                                     0x2000013c   Data           4  main.o(.data)
    SystemCoreClock                          0x20000140   Data           4  system_stm32f10x.o(.data)
    AHBPrescTable                            0x20000144   Data          16  system_stm32f10x.o(.data)
    gyro                                     0x20000180   Data           6  mpu6050.o(.data)
    accel                                    0x20000186   Data           6  mpu6050.o(.data)
    sensors                                  0x2000018c   Data           2  mpu6050.o(.data)
    Pitch                                    0x20000190   Data           4  mpu6050.o(.data)
    Roll                                     0x20000194   Data           4  mpu6050.o(.data)
    Yaw                                      0x20000198   Data           4  mpu6050.o(.data)
    q0                                       0x2000019c   Data           4  mpu6050.o(.data)
    q1                                       0x200001a0   Data           4  mpu6050.o(.data)
    q2                                       0x200001a4   Data           4  mpu6050.o(.data)
    q3                                       0x200001a8   Data           4  mpu6050.o(.data)
    Gx_offset                                0x200001b6   Data           2  mpu6050.o(.data)
    Gy_offset                                0x200001b8   Data           2  mpu6050.o(.data)
    Gz_offset                                0x200001ba   Data           2  mpu6050.o(.data)
    __stdout                                 0x200001bc   Data           4  stdout.o(.data)
    trans_others_Tbuff                       0x20000a48   Data         208  trans.o(.bss)
    trans_others_TFlag                       0x20000b18   Data          16  trans.o(.bss)
    trans_others_Rbuff                       0x20000b28   Data         200  trans.o(.bss)
    trans_others_RFlag                       0x20000bf0   Data          16  trans.o(.bss)
    __initial_sp                             0x20001050   Data           0  startup_stm32f10x_md.o(STACK)



==============================================================================

Memory Map of the image

  Image Entry point : 0x080000ed

  Load Region LR_IROM1 (Base: 0x08000000, Size: 0x00006514, Max: 0x00010000, ABSOLUTE, COMPRESSED[0x000063d4])

    Execution Region ER_IROM1 (Exec base: 0x08000000, Load base: 0x08000000, Size: 0x00006350, Max: 0x00010000, ABSOLUTE)

    Exec Addr    Load Addr    Size         Type   Attr      Idx    E Section Name        Object

    0x08000000   0x08000000   0x000000ec   Data   RO           19    RESET               startup_stm32f10x_md.o
    0x080000ec   0x080000ec   0x00000000   Code   RO         4456  * .ARM.Collect$$$$00000000  mc_w.l(entry.o)
    0x080000ec   0x080000ec   0x00000004   Code   RO         4789    .ARM.Collect$$$$00000001  mc_w.l(entry2.o)
    0x080000f0   0x080000f0   0x00000004   Code   RO         4792    .ARM.Collect$$$$00000004  mc_w.l(entry5.o)
    0x080000f4   0x080000f4   0x00000000   Code   RO         4794    .ARM.Collect$$$$00000008  mc_w.l(entry7b.o)
    0x080000f4   0x080000f4   0x00000000   Code   RO         4796    .ARM.Collect$$$$0000000A  mc_w.l(entry8b.o)
    0x080000f4   0x080000f4   0x00000008   Code   RO         4797    .ARM.Collect$$$$0000000B  mc_w.l(entry9a.o)
    0x080000fc   0x080000fc   0x00000004   Code   RO         4804    .ARM.Collect$$$$0000000E  mc_w.l(entry12b.o)
    0x08000100   0x08000100   0x00000000   Code   RO         4799    .ARM.Collect$$$$0000000F  mc_w.l(entry10a.o)
    0x08000100   0x08000100   0x00000000   Code   RO         4801    .ARM.Collect$$$$00000011  mc_w.l(entry11a.o)
    0x08000100   0x08000100   0x00000004   Code   RO         4790    .ARM.Collect$$$$00002712  mc_w.l(entry2.o)
    0x08000104   0x08000104   0x00000024   Code   RO           20    .text               startup_stm32f10x_md.o
    0x08000128   0x08000128   0x00000062   Code   RO         4459    .text               mc_w.l(ldiv.o)
    0x0800018a   0x0800018a   0x00000024   Code   RO         4461    .text               mc_w.l(memseta.o)
    0x080001ae   0x080001ae   0x0000001a   Code   RO         4463    .text               mc_w.l(memcmp.o)
    0x080001c8   0x080001c8   0x000000b0   Code   RO         4726    .text               mf_w.l(fadd.o)
    0x08000278   0x08000278   0x00000064   Code   RO         4728    .text               mf_w.l(fmul.o)
    0x080002dc   0x080002dc   0x0000007c   Code   RO         4730    .text               mf_w.l(fdiv.o)
    0x08000358   0x08000358   0x0000014e   Code   RO         4732    .text               mf_w.l(dadd.o)
    0x080004a6   0x080004a6   0x000000e4   Code   RO         4734    .text               mf_w.l(dmul.o)
    0x0800058a   0x0800058a   0x00000012   Code   RO         4736    .text               mf_w.l(fflti.o)
    0x0800059c   0x0800059c   0x0000000a   Code   RO         4738    .text               mf_w.l(ffltui.o)
    0x080005a6   0x080005a6   0x00000032   Code   RO         4740    .text               mf_w.l(ffixi.o)
    0x080005d8   0x080005d8   0x00000028   Code   RO         4742    .text               mf_w.l(ffixui.o)
    0x08000600   0x08000600   0x00000026   Code   RO         4744    .text               mf_w.l(f2d.o)
    0x08000626   0x08000626   0x00000038   Code   RO         4746    .text               mf_w.l(d2f.o)
    0x0800065e   0x0800065e   0x00000002   PAD
    0x08000660   0x08000660   0x00000014   Code   RO         4748    .text               mf_w.l(cfcmple.o)
    0x08000674   0x08000674   0x00000014   Code   RO         4750    .text               mf_w.l(cfrcmple.o)
    0x08000688   0x08000688   0x0000002c   Code   RO         4806    .text               mc_w.l(uidiv.o)
    0x080006b4   0x080006b4   0x00000062   Code   RO         4808    .text               mc_w.l(uldiv.o)
    0x08000716   0x08000716   0x0000001e   Code   RO         4810    .text               mc_w.l(llshl.o)
    0x08000734   0x08000734   0x00000024   Code   RO         4812    .text               mc_w.l(llsshr.o)
    0x08000758   0x08000758   0x00000000   Code   RO         4821    .text               mc_w.l(iusefp.o)
    0x08000758   0x08000758   0x0000006e   Code   RO         4822    .text               mf_w.l(fepilogue.o)
    0x080007c6   0x080007c6   0x000000ba   Code   RO         4824    .text               mf_w.l(depilogue.o)
    0x08000880   0x08000880   0x000000de   Code   RO         4826    .text               mf_w.l(ddiv.o)
    0x0800095e   0x0800095e   0x0000002e   Code   RO         4828    .text               mf_w.l(dscalb.o)
    0x0800098c   0x0800098c   0x00000030   Code   RO         4832    .text               mf_w.l(cdcmple.o)
    0x080009bc   0x080009bc   0x00000024   Code   RO         4836    .text               mc_w.l(init.o)
    0x080009e0   0x080009e0   0x00000020   Code   RO         4838    .text               mc_w.l(llushr.o)
    0x08000a00   0x08000a00   0x000000a2   Code   RO         4840    .text               mf_w.l(dsqrt.o)
    0x08000aa2   0x08000aa2   0x00000056   Code   RO         4850    .text               mc_w.l(__dczerorl2.o)
    0x08000af8   0x08000af8   0x00000004   Code   RO         3612    i.BusFault_Handler  stm32f10x_it.o
    0x08000afc   0x08000afc   0x00000018   Code   RO          834    i.DMA_Cmd           stm32f10x_dma.o
    0x08000b14   0x08000b14   0x00000008   Code   RO          836    i.DMA_GetCurrDataCounter  stm32f10x_dma.o
    0x08000b1c   0x08000b1c   0x0000003c   Code   RO          840    i.DMA_Init          stm32f10x_dma.o
    0x08000b58   0x08000b58   0x00000004   Code   RO          841    i.DMA_SetCurrDataCounter  stm32f10x_dma.o
    0x08000b5c   0x08000b5c   0x00000058   Code   RO         4322    i.DMP_Init          mpu6050.o
    0x08000bb4   0x08000bb4   0x00000002   Code   RO         3613    i.DebugMon_Handler  stm32f10x_it.o
    0x08000bb6   0x08000bb6   0x00000002   PAD
    0x08000bb8   0x08000bb8   0x00000018   Code   RO         3167    i.EXTI0_IRQHandler  gpio.o
    0x08000bd0   0x08000bd0   0x00000018   Code   RO         3168    i.EXTI15_10_IRQHandler  gpio.o
    0x08000be8   0x08000be8   0x00000018   Code   RO         3169    i.EXTI1_IRQHandler  gpio.o
    0x08000c00   0x08000c00   0x00000018   Code   RO         3170    i.EXTI2_IRQHandler  gpio.o
    0x08000c18   0x08000c18   0x00000018   Code   RO         3171    i.EXTI3_IRQHandler  gpio.o
    0x08000c30   0x08000c30   0x00000018   Code   RO         3172    i.EXTI4_IRQHandler  gpio.o
    0x08000c48   0x08000c48   0x00000018   Code   RO         3173    i.EXTI9_5_IRQHandler  gpio.o
    0x08000c60   0x08000c60   0x0000000c   Code   RO          905    i.EXTI_ClearITPendingBit  stm32f10x_exti.o
    0x08000c6c   0x08000c6c   0x00000116   Code   RO         1258    i.GPIO_Init         stm32f10x_gpio.o
    0x08000d82   0x08000d82   0x00000002   PAD
    0x08000d84   0x08000d84   0x00000090   Code   RO         1260    i.GPIO_PinRemapConfig  stm32f10x_gpio.o
    0x08000e14   0x08000e14   0x00000004   Code   RO         3614    i.HardFault_Handler  stm32f10x_it.o
    0x08000e18   0x08000e18   0x00000046   Code   RO         4214    i.I2C_ReadOneByte   ioi2c.o
    0x08000e5e   0x08000e5e   0x00000002   PAD
    0x08000e60   0x08000e60   0x0000004c   Code   RO         4215    i.IIC_Ack           ioi2c.o
    0x08000eac   0x08000eac   0x0000002c   Code   RO         4216    i.IIC_Init          ioi2c.o
    0x08000ed8   0x08000ed8   0x0000004c   Code   RO         4217    i.IIC_NAck          ioi2c.o
    0x08000f24   0x08000f24   0x00000070   Code   RO         4218    i.IIC_Read_Byte     ioi2c.o
    0x08000f94   0x08000f94   0x00000064   Code   RO         4219    i.IIC_Send_Byte     ioi2c.o
    0x08000ff8   0x08000ff8   0x00000068   Code   RO         4220    i.IIC_Start         ioi2c.o
    0x08001060   0x08001060   0x00000048   Code   RO         4221    i.IIC_Stop          ioi2c.o
    0x080010a8   0x080010a8   0x00000068   Code   RO         4222    i.IIC_Wait_Ack      ioi2c.o
    0x08001110   0x08001110   0x00000016   Code   RO         4223    i.IICreadByte       ioi2c.o
    0x08001126   0x08001126   0x00000040   Code   RO         4225    i.IICwriteBit       ioi2c.o
    0x08001166   0x08001166   0x0000006a   Code   RO         4226    i.IICwriteBits      ioi2c.o
    0x080011d0   0x080011d0   0x00000014   Code   RO         4227    i.IICwriteByte      ioi2c.o
    0x080011e4   0x080011e4   0x00000046   Code   RO         4228    i.IICwriteBytes     ioi2c.o
    0x0800122a   0x0800122a   0x00000028   Code   RO         4324    i.MPU6050_initialize  mpu6050.o
    0x08001252   0x08001252   0x00000014   Code   RO         4326    i.MPU6050_setClockSource  mpu6050.o
    0x08001266   0x08001266   0x00000014   Code   RO         4327    i.MPU6050_setFullScaleAccelRange  mpu6050.o
    0x0800127a   0x0800127a   0x00000014   Code   RO         4328    i.MPU6050_setFullScaleGyroRange  mpu6050.o
    0x0800128e   0x0800128e   0x00000012   Code   RO         4329    i.MPU6050_setI2CBypassEnabled  mpu6050.o
    0x080012a0   0x080012a0   0x00000012   Code   RO         4330    i.MPU6050_setI2CMasterModeEnabled  mpu6050.o
    0x080012b2   0x080012b2   0x00000012   Code   RO         4331    i.MPU6050_setSleepEnabled  mpu6050.o
    0x080012c4   0x080012c4   0x00000004   Code   RO         3615    i.MemManage_Handler  stm32f10x_it.o
    0x080012c8   0x080012c8   0x00000002   Code   RO         3616    i.NMI_Handler       stm32f10x_it.o
    0x080012ca   0x080012ca   0x00000002   PAD
    0x080012cc   0x080012cc   0x00000070   Code   RO           24    i.NVIC_Init         misc.o
    0x0800133c   0x0800133c   0x00000014   Code   RO           25    i.NVIC_PriorityGroupConfig  misc.o
    0x08001350   0x08001350   0x00000002   Code   RO         3617    i.PendSV_Handler    stm32f10x_it.o
    0x08001352   0x08001352   0x00000002   PAD
    0x08001354   0x08001354   0x00000020   Code   RO         1673    i.RCC_AHBPeriphClockCmd  stm32f10x_rcc.o
    0x08001374   0x08001374   0x00000020   Code   RO         1674    i.RCC_APB1PeriphClockCmd  stm32f10x_rcc.o
    0x08001394   0x08001394   0x00000020   Code   RO         1676    i.RCC_APB2PeriphClockCmd  stm32f10x_rcc.o
    0x080013b4   0x080013b4   0x000000d4   Code   RO         1684    i.RCC_GetClocksFreq  stm32f10x_rcc.o
    0x08001488   0x08001488   0x0000025c   Code   RO         4333    i.Read_DMP          mpu6050.o
    0x080016e4   0x080016e4   0x00000002   Code   RO         3618    i.SVC_Handler       stm32f10x_it.o
    0x080016e6   0x080016e6   0x00000008   Code   RO         3701    i.SetSysClock       system_stm32f10x.o
    0x080016ee   0x080016ee   0x00000002   PAD
    0x080016f0   0x080016f0   0x000000e0   Code   RO         3702    i.SetSysClockTo72   system_stm32f10x.o
    0x080017d0   0x080017d0   0x00000028   Code   RO           28    i.SysTick_CLKSourceConfig  misc.o
    0x080017f8   0x080017f8   0x00000002   Code   RO         3619    i.SysTick_Handler   stm32f10x_it.o
    0x080017fa   0x080017fa   0x00000002   PAD
    0x080017fc   0x080017fc   0x00000060   Code   RO         3704    i.SystemInit        system_stm32f10x.o
    0x0800185c   0x0800185c   0x00000018   Code   RO         2296    i.TIM_ARRPreloadConfig  stm32f10x_tim.o
    0x08001874   0x08001874   0x00000018   Code   RO         2308    i.TIM_Cmd           stm32f10x_tim.o
    0x0800188c   0x0800188c   0x00000098   Code   RO         2337    i.TIM_OC1Init       stm32f10x_tim.o
    0x08001924   0x08001924   0x00000012   Code   RO         2340    i.TIM_OC1PreloadConfig  stm32f10x_tim.o
    0x08001936   0x08001936   0x00000002   PAD
    0x08001938   0x08001938   0x000000a4   Code   RO         2342    i.TIM_OC2Init       stm32f10x_tim.o
    0x080019dc   0x080019dc   0x0000001a   Code   RO         2345    i.TIM_OC2PreloadConfig  stm32f10x_tim.o
    0x080019f6   0x080019f6   0x00000002   PAD
    0x080019f8   0x080019f8   0x000000a0   Code   RO         2347    i.TIM_OC3Init       stm32f10x_tim.o
    0x08001a98   0x08001a98   0x00000012   Code   RO         2350    i.TIM_OC3PreloadConfig  stm32f10x_tim.o
    0x08001aaa   0x08001aaa   0x00000002   PAD
    0x08001aac   0x08001aac   0x0000007c   Code   RO         2352    i.TIM_OC4Init       stm32f10x_tim.o
    0x08001b28   0x08001b28   0x0000001a   Code   RO         2354    i.TIM_OC4PreloadConfig  stm32f10x_tim.o
    0x08001b42   0x08001b42   0x00000004   Code   RO         2369    i.TIM_SetCompare1   stm32f10x_tim.o
    0x08001b46   0x08001b46   0x00000004   Code   RO         2370    i.TIM_SetCompare2   stm32f10x_tim.o
    0x08001b4a   0x08001b4a   0x00000004   Code   RO         2371    i.TIM_SetCompare3   stm32f10x_tim.o
    0x08001b4e   0x08001b4e   0x00000006   Code   RO         2372    i.TIM_SetCompare4   stm32f10x_tim.o
    0x08001b54   0x08001b54   0x000000a4   Code   RO         2379    i.TIM_TimeBaseInit  stm32f10x_tim.o
    0x08001bf8   0x08001bf8   0x0000000a   Code   RO         3260    i.USART1_IRQHandler  uart.o
    0x08001c02   0x08001c02   0x0000000a   Code   RO         3261    i.USART2_IRQHandler  uart.o
    0x08001c0c   0x08001c0c   0x0000000a   Code   RO         3262    i.USART3_IRQHandler  uart.o
    0x08001c16   0x08001c16   0x0000001e   Code   RO         2841    i.USART_ClearITPendingBit  stm32f10x_usart.o
    0x08001c34   0x08001c34   0x00000018   Code   RO         2844    i.USART_Cmd         stm32f10x_usart.o
    0x08001c4c   0x08001c4c   0x00000012   Code   RO         2845    i.USART_DMACmd      stm32f10x_usart.o
    0x08001c5e   0x08001c5e   0x0000001a   Code   RO         2847    i.USART_GetFlagStatus  stm32f10x_usart.o
    0x08001c78   0x08001c78   0x00000054   Code   RO         2848    i.USART_GetITStatus  stm32f10x_usart.o
    0x08001ccc   0x08001ccc   0x0000004a   Code   RO         2850    i.USART_ITConfig    stm32f10x_usart.o
    0x08001d16   0x08001d16   0x00000002   PAD
    0x08001d18   0x08001d18   0x000000d8   Code   RO         2851    i.USART_Init        stm32f10x_usart.o
    0x08001df0   0x08001df0   0x0000000a   Code   RO         2858    i.USART_ReceiveData  stm32f10x_usart.o
    0x08001dfa   0x08001dfa   0x00000008   Code   RO         2861    i.USART_SendData    stm32f10x_usart.o
    0x08001e02   0x08001e02   0x00000002   PAD
    0x08001e04   0x08001e04   0x000000b8   Code   RO         3263    i.USARTx_IRQHandler  uart.o
    0x08001ebc   0x08001ebc   0x00000004   Code   RO         3620    i.UsageFault_Handler  stm32f10x_it.o
    0x08001ec0   0x08001ec0   0x00000020   Code   RO         4510    i.__0printf$1       mc_w.l(printf1.o)
    0x08001ee0   0x08001ee0   0x00000028   Code   RO         4776    i.__ARM_fpclassify  m_ws.l(fpclassify.o)
    0x08001f08   0x08001f08   0x000000aa   Code   RO         4778    i.__kernel_poly     m_ws.l(poly.o)
    0x08001fb2   0x08001fb2   0x00000006   Code   RO         4763    i.__mathlib_dbl_infnan  m_ws.l(dunder.o)
    0x08001fb8   0x08001fb8   0x00000004   Code   RO         4764    i.__mathlib_dbl_infnan2  m_ws.l(dunder.o)
    0x08001fbc   0x08001fbc   0x0000000c   Code   RO         4765    i.__mathlib_dbl_invalid  m_ws.l(dunder.o)
    0x08001fc8   0x08001fc8   0x00000010   Code   RO         4768    i.__mathlib_dbl_underflow  m_ws.l(dunder.o)
    0x08001fd8   0x08001fd8   0x0000000e   Code   RO         4844    i.__scatterload_copy  mc_w.l(handlers.o)
    0x08001fe6   0x08001fe6   0x00000002   Code   RO         4845    i.__scatterload_null  mc_w.l(handlers.o)
    0x08001fe8   0x08001fe8   0x0000000e   Code   RO         4846    i.__scatterload_zeroinit  mc_w.l(handlers.o)
    0x08001ff6   0x08001ff6   0x00000002   PAD
    0x08001ff8   0x08001ff8   0x0000000c   Code   RO         4816    i.__set_errno       mc_w.l(errno.o)
    0x08002004   0x08002004   0x00000154   Code   RO         4517    i._printf_core      mc_w.l(printf1.o)
    0x08002158   0x08002158   0x000000a8   Code   RO         3735    i.accel_self_test   inv_mpu.o
    0x08002200   0x08002200   0x00000270   Code   RO         4439    i.asin              m_ws.l(asin.o)
    0x08002470   0x08002470   0x00000220   Code   RO         4753    i.atan              m_ws.l(atan.o)
    0x08002690   0x08002690   0x0000019c   Code   RO         4449    i.atan2             m_ws.l(atan2.o)
    0x0800282c   0x0800282c   0x00000064   Code   RO         4029    i.decode_gesture    inv_mpu_dmp_motion_driver.o
    0x08002890   0x08002890   0x00000044   Code   RO         3074    i.delay_init        delay.o
    0x080028d4   0x080028d4   0x0000004c   Code   RO         3075    i.delay_ms          delay.o
    0x08002920   0x08002920   0x0000004c   Code   RO         3076    i.delay_us          delay.o
    0x0800296c   0x0800296c   0x0000007c   Code   RO         3264    i.dma_Rinit         uart.o
    0x080029e8   0x080029e8   0x0000006c   Code   RO         3265    i.dma_Tinit         uart.o
    0x08002a54   0x08002a54   0x0000003c   Code   RO         4030    i.dmp_enable_6x_lp_quat  inv_mpu_dmp_motion_driver.o
    0x08002a90   0x08002a90   0x0000021c   Code   RO         4031    i.dmp_enable_feature  inv_mpu_dmp_motion_driver.o
    0x08002cac   0x08002cac   0x00000058   Code   RO         4032    i.dmp_enable_gyro_cal  inv_mpu_dmp_motion_driver.o
    0x08002d04   0x08002d04   0x0000003c   Code   RO         4033    i.dmp_enable_lp_quat  inv_mpu_dmp_motion_driver.o
    0x08002d40   0x08002d40   0x00000018   Code   RO         4038    i.dmp_load_motion_driver_firmware  inv_mpu_dmp_motion_driver.o
    0x08002d58   0x08002d58   0x000001cc   Code   RO         4039    i.dmp_read_fifo     inv_mpu_dmp_motion_driver.o
    0x08002f24   0x08002f24   0x00000130   Code   RO         4042    i.dmp_set_accel_bias  inv_mpu_dmp_motion_driver.o
    0x08003054   0x08003054   0x00000070   Code   RO         4043    i.dmp_set_fifo_rate  inv_mpu_dmp_motion_driver.o
    0x080030c4   0x080030c4   0x00000130   Code   RO         4044    i.dmp_set_gyro_bias  inv_mpu_dmp_motion_driver.o
    0x080031f4   0x080031f4   0x00000138   Code   RO         4046    i.dmp_set_orientation  inv_mpu_dmp_motion_driver.o
    0x0800332c   0x0800332c   0x00000038   Code   RO         4049    i.dmp_set_shake_reject_thresh  inv_mpu_dmp_motion_driver.o
    0x08003364   0x08003364   0x00000026   Code   RO         4050    i.dmp_set_shake_reject_time  inv_mpu_dmp_motion_driver.o
    0x0800338a   0x0800338a   0x00000026   Code   RO         4051    i.dmp_set_shake_reject_timeout  inv_mpu_dmp_motion_driver.o
    0x080033b0   0x080033b0   0x00000046   Code   RO         4052    i.dmp_set_tap_axes  inv_mpu_dmp_motion_driver.o
    0x080033f6   0x080033f6   0x00000026   Code   RO         4053    i.dmp_set_tap_count  inv_mpu_dmp_motion_driver.o
    0x0800341c   0x0800341c   0x000001a0   Code   RO         4054    i.dmp_set_tap_thresh  inv_mpu_dmp_motion_driver.o
    0x080035bc   0x080035bc   0x00000026   Code   RO         4055    i.dmp_set_tap_time  inv_mpu_dmp_motion_driver.o
    0x080035e2   0x080035e2   0x00000026   Code   RO         4056    i.dmp_set_tap_time_multi  inv_mpu_dmp_motion_driver.o
    0x08003608   0x08003608   0x00000024   Code   RO         3266    i.fputc             uart.o
    0x0800362c   0x0800362c   0x000000b4   Code   RO         3736    i.get_accel_prod_shift  inv_mpu.o
    0x080036e0   0x080036e0   0x0000046c   Code   RO         3737    i.get_st_biases     inv_mpu.o
    0x08003b4c   0x08003b4c   0x00000074   Code   RO         3267    i.gpio_init         uart.o
    0x08003bc0   0x08003bc0   0x00000110   Code   RO         3738    i.gyro_self_test    inv_mpu.o
    0x08003cd0   0x08003cd0   0x00000076   Code   RO         4229    i.i2cRead           ioi2c.o
    0x08003d46   0x08003d46   0x00000060   Code   RO         4230    i.i2cWrite          ioi2c.o
    0x08003da6   0x08003da6   0x00000028   Code   RO         4336    i.inv_orientation_matrix_to_scalar  mpu6050.o
    0x08003dce   0x08003dce   0x0000004e   Code   RO         4337    i.inv_row_2_scale   mpu6050.o
    0x08003e1c   0x08003e1c   0x0000024c   Code   RO         3552    i.main              main.o
    0x08004068   0x08004068   0x0000001c   Code   RO         3497    i.mpu__init         mpu.o
    0x08004084   0x08004084   0x00000070   Code   RO         3739    i.mpu_configure_fifo  inv_mpu.o
    0x080040f4   0x080040f4   0x0000004c   Code   RO         3740    i.mpu_get_accel_fsr  inv_mpu.o
    0x08004140   0x08004140   0x00000054   Code   RO         3742    i.mpu_get_accel_sens  inv_mpu.o
    0x08004194   0x08004194   0x00000010   Code   RO         3747    i.mpu_get_fifo_config  inv_mpu.o
    0x080041a4   0x080041a4   0x00000044   Code   RO         3748    i.mpu_get_gyro_fsr  inv_mpu.o
    0x080041e8   0x080041e8   0x00000050   Code   RO         3750    i.mpu_get_gyro_sens  inv_mpu.o
    0x08004238   0x08004238   0x00000050   Code   RO         3752    i.mpu_get_lpf       inv_mpu.o
    0x08004288   0x08004288   0x00000020   Code   RO         3754    i.mpu_get_sample_rate  inv_mpu.o
    0x080042a8   0x080042a8   0x00000038   Code   RO         3498    i.mpu_getdata       mpu.o
    0x080042e0   0x080042e0   0x00000190   Code   RO         3756    i.mpu_init          inv_mpu.o
    0x08004470   0x08004470   0x000000b8   Code   RO         3757    i.mpu_load_firmware  inv_mpu.o
    0x08004528   0x08004528   0x000000e0   Code   RO         3758    i.mpu_lp_accel_mode  inv_mpu.o
    0x08004608   0x08004608   0x000000c0   Code   RO         3761    i.mpu_read_fifo_stream  inv_mpu.o
    0x080046c8   0x080046c8   0x00000080   Code   RO         3762    i.mpu_read_mem      inv_mpu.o
    0x08004748   0x08004748   0x000001bc   Code   RO         3765    i.mpu_reset_fifo    inv_mpu.o
    0x08004904   0x08004904   0x0000011c   Code   RO         3766    i.mpu_run_self_test  inv_mpu.o
    0x08004a20   0x08004a20   0x00000084   Code   RO         3768    i.mpu_set_accel_fsr  inv_mpu.o
    0x08004aa4   0x08004aa4   0x0000014c   Code   RO         3769    i.mpu_set_bypass    inv_mpu.o
    0x08004bf0   0x08004bf0   0x00000090   Code   RO         3771    i.mpu_set_dmp_state  inv_mpu.o
    0x08004c80   0x08004c80   0x00000088   Code   RO         3772    i.mpu_set_gyro_fsr  inv_mpu.o
    0x08004d08   0x08004d08   0x0000006c   Code   RO         3773    i.mpu_set_int_latched  inv_mpu.o
    0x08004d74   0x08004d74   0x00000084   Code   RO         3775    i.mpu_set_lpf       inv_mpu.o
    0x08004df8   0x08004df8   0x0000009c   Code   RO         3776    i.mpu_set_sample_rate  inv_mpu.o
    0x08004e94   0x08004e94   0x000000d0   Code   RO         3777    i.mpu_set_sensors   inv_mpu.o
    0x08004f64   0x08004f64   0x00000080   Code   RO         3778    i.mpu_write_mem     inv_mpu.o
    0x08004fe4   0x08004fe4   0x00000002   Code   RO         3779    i.myget_ms          inv_mpu.o
    0x08004fe6   0x08004fe6   0x00000002   PAD
    0x08004fe8   0x08004fe8   0x00000028   Code   RO         3268    i.nvic_init         uart.o
    0x08005010   0x08005010   0x0000000c   Code   RO         3232    i.pwm_init          oc.o
    0x0800501c   0x0800501c   0x00000090   Code   RO         4338    i.run_self_test     mpu6050.o
    0x080050ac   0x080050ac   0x00000090   Code   RO         3780    i.set_int_enable    inv_mpu.o
    0x0800513c   0x0800513c   0x0000004c   Code   RO         4782    i.sqrt              m_ws.l(sqrt.o)
    0x08005188   0x08005188   0x000000dc   Code   RO         3233    i.tim3_init         oc.o
    0x08005264   0x08005264   0x000000c4   Code   RO         3234    i.tim4_init         oc.o
    0x08005328   0x08005328   0x00000164   Code   RO         3352    i.trans_others_R    trans.o
    0x0800548c   0x0800548c   0x00000050   Code   RO         3354    i.trans_others_init  trans.o
    0x080054dc   0x080054dc   0x000000bc   Code   RO         3269    i.uart_init         uart.o
    0x08005598   0x08005598   0x0000005c   Code   RO         3271    i.usart_init        uart.o
    0x080055f4   0x080055f4   0x00000050   Data   RO         3781    .constdata          inv_mpu.o
    0x08005644   0x08005644   0x00000bf6   Data   RO         4058    .constdata          inv_mpu_dmp_motion_driver.o
    0x0800623a   0x0800623a   0x00000006   PAD
    0x08006240   0x08006240   0x00000050   Data   RO         4440    .constdata          m_ws.l(asin.o)
    0x08006290   0x08006290   0x00000098   Data   RO         4754    .constdata          m_ws.l(atan.o)
    0x08006328   0x08006328   0x00000008   Data   RO         4780    .constdata          m_ws.l(qnan.o)
    0x08006330   0x08006330   0x00000020   Data   RO         4842    Region$$Table       anon$$obj.o


    Execution Region RW_IRAM1 (Exec base: 0x20000000, Load base: 0x08006350, Size: 0x00001050, Max: 0x00005000, ABSOLUTE, COMPRESSED[0x00000084])

    Exec Addr    Load Addr    Size         Type   Attr      Idx    E Section Name        Object

    0x20000000   COMPRESSED   0x00000014   Data   RW         1704    .data               stm32f10x_rcc.o
    0x20000014   COMPRESSED   0x00000004   Data   RW         3077    .data               delay.o
    0x20000018   COMPRESSED   0x00000004   Data   RW         3176    .data               gpio.o
    0x2000001c   COMPRESSED   0x000000d0   Data   RW         3273    .data               uart.o
    0x200000ec   COMPRESSED   0x00000024   Data   RW         3499    .data               mpu.o
    0x20000110   COMPRESSED   0x00000030   Data   RW         3553    .data               main.o
    0x20000140   COMPRESSED   0x00000014   Data   RW         3705    .data               system_stm32f10x.o
    0x20000154   COMPRESSED   0x0000002c   Data   RW         3782    .data               inv_mpu.o
    0x20000180   COMPRESSED   0x0000003c   Data   RW         4340    .data               mpu6050.o
    0x200001bc   COMPRESSED   0x00000004   Data   RW         4805    .data               mc_w.l(stdout.o)
    0x200001c0   COMPRESSED   0x00000004   Data   RW         4817    .data               mc_w.l(errno.o)
    0x200001c4        -       0x00000474   Zero   RW         3272    .bss                uart.o
    0x20000638        -       0x00000604   Zero   RW         3355    .bss                trans.o
    0x20000c3c        -       0x00000010   Zero   RW         4057    .bss                inv_mpu_dmp_motion_driver.o
    0x20000c4c   COMPRESSED   0x00000004   PAD
    0x20000c50        -       0x00000400   Zero   RW           17    STACK               startup_stm32f10x_md.o


==============================================================================

Image component sizes


      Code (inc. data)   RO Data    RW Data    ZI Data      Debug   Object Name

         0          0          0          0          0       4548   core_cm3.o
       220         26          0          4          0       1671   delay.o
       168         56          0          4          0       3639   gpio.o
      5778        202         80         44          0      28322   inv_mpu.o
      3096        122       3062          0         16      21422   inv_mpu_dmp_motion_driver.o
      1254         92          0          0          0      11383   ioi2c.o
       588         92          0         48          0       1195   main.o
       172         22          0          0          0     258653   misc.o
        84         24          0         36          0       1423   mpu.o
      1108         48          0         60          0       8933   mpu6050.o
       428         22          0          0          0       1675   oc.o
        36          8        236          0       1024        784   startup_stm32f10x_md.o
        96          0          0          0          0       3831   stm32f10x_dma.o
        12          6          0          0          0        509   stm32f10x_exti.o
       422          6          0          0          0       2762   stm32f10x_gpio.o
        26          0          0          0          0       3598   stm32f10x_it.o
       308         38          0         20          0       4926   stm32f10x_rcc.o
       918         92          0          0          0       9472   stm32f10x_tim.o
       490          6          0          0          0       7278   stm32f10x_usart.o
       328         28          0         20          0       2017   system_stm32f10x.o
       436         22          0          0       1540     213951   trans.o
       918        146          0        208       1140       8240   uart.o

    ----------------------------------------------------------------------
     16912       1058       3416        444       3724     600232   Object Totals
         0          0         32          0          0          0   (incl. Generated)
        26          0          6          0          4          0   (incl. Padding)

    ----------------------------------------------------------------------

      Code (inc. data)   RO Data    RW Data    ZI Data      Debug   Library Member Name

       624         52         80          0          0        168   asin.o
       544         70        152          0          0        124   atan.o
       412         38          0          0          0        144   atan2.o
        38          6          0          0          0        272   dunder.o
        40          0          0          0          0         68   fpclassify.o
       170          0          0          0          0         96   poly.o
         0          0          8          0          0          0   qnan.o
        76          0          0          0          0         84   sqrt.o
        86          0          0          0          0          0   __dczerorl2.o
         0          0          0          0          0          0   entry.o
         0          0          0          0          0          0   entry10a.o
         0          0          0          0          0          0   entry11a.o
         4          0          0          0          0          0   entry12b.o
         8          4          0          0          0          0   entry2.o
         4          0          0          0          0          0   entry5.o
         0          0          0          0          0          0   entry7b.o
         0          0          0          0          0          0   entry8b.o
         8          4          0          0          0          0   entry9a.o
        12          6          0          4          0         68   errno.o
        30          0          0          0          0          0   handlers.o
        36          8          0          0          0         68   init.o
         0          0          0          0          0          0   iusefp.o
        98          0          0          0          0         84   ldiv.o
        30          0          0          0          0         68   llshl.o
        36          0          0          0          0         68   llsshr.o
        32          0          0          0          0         68   llushr.o
        26          0          0          0          0         80   memcmp.o
        36          0          0          0          0        108   memseta.o
       372         14          0          0          0        184   printf1.o
         0          0          0          4          0          0   stdout.o
        44          0          0          0          0         80   uidiv.o
        98          0          0          0          0         92   uldiv.o
        48          0          0          0          0         68   cdcmple.o
        20          0          0          0          0         68   cfcmple.o
        20          0          0          0          0         68   cfrcmple.o
        56          0          0          0          0         88   d2f.o
       334          0          0          0          0        148   dadd.o
       222          0          0          0          0        100   ddiv.o
       186          0          0          0          0        176   depilogue.o
       228          0          0          0          0         96   dmul.o
        46          0          0          0          0         80   dscalb.o
       162          0          0          0          0        100   dsqrt.o
        38          0          0          0          0         68   f2d.o
       176          0          0          0          0        140   fadd.o
       124          0          0          0          0         88   fdiv.o
       110          0          0          0          0        168   fepilogue.o
        50          0          0          0          0         68   ffixi.o
        40          0          0          0          0         68   ffixui.o
        18          0          0          0          0         68   fflti.o
        10          0          0          0          0         68   ffltui.o
       100          0          0          0          0         76   fmul.o

    ----------------------------------------------------------------------
      4856        202        240          8          0       3728   Library Totals
         4          0          0          0          0          0   (incl. Padding)

    ----------------------------------------------------------------------

      Code (inc. data)   RO Data    RW Data    ZI Data      Debug   Library Name

      1904        166        240          0          0        956   m_ws.l
       960         36          0          8          0        968   mc_w.l
      1988          0          0          0          0       1804   mf_w.l

    ----------------------------------------------------------------------
      4856        202        240          8          0       3728   Library Totals

    ----------------------------------------------------------------------

==============================================================================


      Code (inc. data)   RO Data    RW Data    ZI Data      Debug   

     21768       1260       3656        452       3724     594312   Grand Totals
     21768       1260       3656        132       3724     594312   ELF Image Totals (compressed)
     21768       1260       3656        132          0          0   ROM Totals

==============================================================================

    Total RO  Size (Code + RO Data)                25424 (  24.83kB)
    Total RW  Size (RW Data + ZI Data)              4176 (   4.08kB)
    Total ROM Size (Code + RO Data + RW Data)      25556 (  24.96kB)

==============================================================================

